screen3  =$6096; ?
hello4  =$2650; ?
kMusicPlayer_FilterHi  =$f6; ?
l6  =$300e
ZPRS232StopBitSwitch  =$a9; unused
mxpos  =$ca3
VIC2SpriteBackgroundCollision  =$d01f; unused
screen2  =$5896; ?
editblock  =$29f5; ?
l7  =$3083; ?
READST  =$ffb7; unused
bwidth  =$122c; ?
selectoption  =$19b2; ?
screen1  =$5096; ?
l4  =$20a4; ?
ZPStartBasicLo  =$2b; unused
ZPCurrentOutputDevice  =$9a; unused
trkypos  =$154e; ?
envdown  =$1837; ?
d1  =$a98
sb1m  =$1b89; ?
l2  =$2085
disk  =$22cb; unused
kMusicPlayer_FilterLo  =$f7; ?
insc2  =$2bb0; ?
bkstab  =$2f9e; ?
CHKIN  =$ffc6; unused
envcount  =$17d8; ?
loadalltrk  =$1e51; ?
getfilename  =$23b0; ?
hello1  =$268c; ?
insc3  =$2bb8; ?
l3  =$208f; ?
ZPDatasetteEndOfTape  =$96; unused
screen5  =$7096; ?
menuselect  =$e74; ?
hello2  =$269f; ?
clearall  =$ad0
ZPStartBasicHi  =$2c; unused
screen4  =$6896; ?
edtit  =$24a8; ?
hello3  =$2647; ?
insc1  =$2ba1
decrblk  =$2cbf; ?
atemp  =$ca2; unused
l1  =$2064
CIA1TimerBHi  =$dc07; unused
menupar  =$ca3
mhot2  =$f88; ?
tapefriendly  =$2565; ?
setupwindow  =$312a; ?
printcol  =$d31; unused
mhot3  =$fbf; ?
printtrack  =$13e8
output1  =$2099; ?
VIC2Colour_Yellow  =$7; unused
CIA2TimerBHi  =$dd07; unused
mhot1  =$f56; ?
loadraw  =$22f5
putb  =$2f53; ?
FlagUpperLowerCaseChange  =$291
CIA1TimerBLo  =$dc06; unused
mhot6  =$1012; ?
VIC2ScreenControlVDefault  =$1b; unused
octtab  =$2899; ?
cptemp  =$ece; ?
packfile  =$2058; ?
tempxu  =$2108
envdata  =$4900
mhot4  =$fe7; ?
closefile  =$2fee
l8  =$30ad
VIC2InteruptStatus  =$d019
VIC2BorderColour  =$d020
CIA2TimerBLo  =$dd06; unused
mhot5  =$ffe; ?
saveall  =$2242; ?
wstyle  =$1239; ?
l9  =$30b9; ?
ACPTR  =$ffa5; unused
CIA2SerialShift  =$dd0c; unused
OPEN  =$ffc0; unused
SIDFilterControl  =$d417
deleten  =$2416; ?
fea4  =$2213; ?
temp  =$3277; ?
ncl1  =$12e0; ?
printenv  =$1725
envkey  =$17b9; ?
envleft  =$17e2; ?
bkshot  =$2faf; ?
setuptables  =$31a3; ?
tlhot  =$1e29; ?
ns1  =$216e
es2z  =$240b; ?
ptl1  =$125e; ?
endtxt  =$2943; ?
dir3z  =$30e2; ?
fea1  =$21f3
rs1  =$2b11
ZPRS232ByteBuffer  =$aa; unused
VIC2Colour_Purple  =$4; unused
packmem  =$1fa3
SECOND  =$ff93; unused
settxt  =$3267; ?
fillrest  =$3298; ?
savewodge  =$26b5; ?
fea3  =$220d; ?
rs3  =$2b27; ?
subopt  =$1a50; ?
openfile  =$2fd1
fea2  =$2200; ?
rs2  =$2b22; ?
ZPTapeTimingConstant  = ?; unused
SIDPaddleY  =$d41a; unused
bypass  =$a8d; ?
prw1  =$1319
cmv  =$2a97
ZPCurrentKeyPressed  =$cb; unused
menutab  =$d11; ?
endbit  =$22d7; ?
saveitrel  =$25d6; ?
KERNALROM  =$e000; unused
SIDPaddleX  =$d419; unused
dbx1  =$11d6
trkup  =$1592; ?
carret  =$2b73; ?
pb4  =$2789; ?
dbx2  =$11e7
pn1  =$2cf1; ?
IRQServiceRoutineLo  =$314
VIC2Raster  =$d012
exittxt  =$105b; ?
dbx3  =$121e
prw2  =$1324; ?
tn1  =$3e0d; ?
VIC2SpriteXMSB  =$d010
keyno  =$2a8c; ?
kMusicPlayer_RepeatBlock  =$40
prtxt  =$1334; ?
pb1  =$2760
fi1  =$2be7; ?
kMusicPlayer_LoopTrack  =$ff; ?
envins  =$18c2; ?
IRQBorderColour  =$3e0e; ?
saveEnv  =$1c2c; ?
vc1  =$22b5
COLORRAM  =$d800; unused
vc2  =$22c1
removespaces  =$2b07; ?
pb3  =$2777; ?
ins  =$2b3c; ?
IRQServiceRoutineHi  =$315
wdepth  =$1237; ?
cursoron  =$2af5; ?
pb2  =$276b; ?
VIC2Colour_LightGreen  =$d; unused
samelo  =$20ae; ?
UDTIM  =$ffea; unused
mypos  =$ca4
VIC2SpriteYBorderBottom  =$fa
CIA2PortBRS232  =$dd01; unused
dirhot  =$3205; ?
ZPEndArrayVariableLo  =$31; unused
GETIN  =$ffe4; unused
SIDVoice1FreqHi  =$d401
envgrab  =$1906; ?
startu  =$210b; ?
toAddr  =$965; ?
trkcarret  =$16c8; ?
more1  =$3e9d; ?
samehi  =$20b8; ?
ZPAddressToSave  =$ac; unused
toChk  =$974; ?
boxtab  =$1347; ?
blocks  =$4b00; unused
ps3m  =$bbd; ?
menuright  =$cc1; ?
findtrkpos  =$1630; ?
trktab  =$1503; ?
ZPEndArrayVariableHi  =$32; unused
SETLFS  =$ffba; unused
SIDVoice1FreqLo  =$d400
IRQStartPlay  =$3e00; ?
more2  =$3e90
printscreen  =$b8d; ?
ps1m  =$bb7; ?
CIA2PortADDR  =$dd02; unused
trkxtab2  =$1521
trkplay  =$1b00; unused
smaxopt  =$1a49; ?
printblock  =$2749
CIA1ToDHoursBCD  =$dc0b; unused
curmove  =$12c4; ?
KERNALNMIServiceRoutineLo  =$fffa
gethexnum  =$2e89; ?
SIDVoice2FreqLo  =$d407
CIA1PortADDR  =$dc02; unused
SIDVoice3FreqHi  =$d40f
loadblocks  =$1eaf; ?
ghex2  =$2eaa; ?
himusend  =$22da; ?
flltxt  =$2921; ?
ghex3  =$2eb0; ?
delay1  =$2c9d
CLRCHN  =$ffcc
KERNALNMIServiceRoutineHi  =$fffb
tswin  =$1bbb
yoffset  =$2c80; ?
trkdel  =$16aa; ?
ZPDatasetteParity  =$9b; unused
SIDVoice2FreqHi  =$d408
calccol  =$d1b; ?
lsmen  =$234a; ?
SIDVoice3FreqLo  =$d40e
ghex1  =$2ea2
ProcessorPortDefault  =$37
ZPChrGet  =$73; unused
CIOUT  =$ffa8; unused
VIC2ScreenControlHDefault  =$c8; unused
filterHi  =$2795
mhk2  =$107d; ?
mbartab  =$c92
mhk3  =$108b; ?
InitialiseMachine  =$32dc; ?
kal1  =$13a0; ?
evd1  =$1847; ?
ZPCurrentFileDeviceNumber  =$ba; unused
kMusicPlayer_FilterControl  =$f8; ?
mhk1  =$1070
SID  =$d400
clsnd  =$b38; ?
kMusicPlayer_StopTrack  =$fd; ?
boxpar  =$122a; ?
trkxtab  =$1509
filterLo  =$279c
octtab2  =$28b1; ?
csm2  =$b51; ?
skc1  =$2f85; ?
evl2  =$17fb; ?
smd2  =$328b; ?
evl1  =$17f5; ?
bkrtit  =$1cc3; ?
smd1  =$328f; ?
more1Skip  =$3eb7; ?
csm1  =$b48; ?
btemp  =$1232; ?
ekeyno  =$17d7; ?
MusicPlayerStart  =$3f00; ?
templength  =$2eb7
chrx  =$24bc; ?
delay  =$2c99; ?
trkytab2  =$1539
env4  =$17b3; ?
evp1  =$192d
sut1  =$31a7
irq1  =$3e5f; ?
penv2  =$1749
evr1  =$1816; ?
ZPDatasetteBufferOffset  =$a6; unused
SETNAM  =$ffbd; unused
penv1  =$1738
evr2  =$181c; ?
svreloc  =$259c; ?
trkput  =$1aff; unused
tapeon  =$254c; ?
sut2  =$31bd; ?
VIC2Colour_Green  =$5; unused
VIC2Colour_LightRed  =$a; unused
ins3  =$2b72; ?
checkstat  =$3004
car1  =$2b88; ?
HEADERex  =$f76a; unused
lomusend  =$22d9; ?
BASICEntry  =$900
env1  =$1788
ins2  =$2b6b; ?
scu1  =$2bfc; ?
winpar  =$1234; ?
env2  =$1791
ins1  =$2b5c
env3  =$17a2; ?
sdepth  =$1a48; ?
hiblock  =$4a40
promptwindow  =$1308; ?
loadsave  =$2327; ?
doblock  =$2d09; ?
loadEnv  =$1c2d; ?
bye  =$1feb
sends  =$2255; ?
return  =$2423; ?
titlebuffer  =$3084; ?
MusicPlayerInit  =$3f00; unused
SIDVoice3ADSROutput  =$d41c; unused
savetrk  =$1c77; ?
tx  =$1fee; unused
ZPEOISerialBusSwitch  =$a3; unused
CHRIN  =$ffcf; unused
VIC2Sprite1Colour  =$d028; unused
envscrdown  =$1859; ?
trkshot  =$1ab0; ?
ty  =$22d8; ?
ZPProcessorPort  =$1
ZPDatasetteBufferHo  =$b3; unused
outputrepl  =$2092; ?
jmptab  =$2a70; ?
kMusicPlayer_StopAllTracks  =$fe
ProcessorPortDDRDefault  =$2f
ZPTimeOfDay  =$a0; unused
ZPDatasetteBufferLo  =$b2; unused
lkrtit  =$1eaa; ?
VIC2Sprite0Colour  =$d027
ZPSerialBusBitCounter  =$a5; unused
CIA2PortBDDR  =$dd03; unused
mtxt4  =$fc4; ?
scrtrkdown  =$15d1; ?
findnum2  =$170c; ?
envedit2  =$1782
ProcessorPortAllRAMWithIO  =$25
NMIServiceRoutineHi  =$319
CIA2ToDHoursBCD  =$dd0b; unused
mtxt5  =$feb; ?
dirsubmenu  =$31ea; ?
CINT  =$ff81; unused
note  =$27df; ?
ZPDatasetteNameWriteCount  =$9f; unused
IOBASE  =$fff3; unused
mtxt6  =$1001; ?
skipbyte  =$2ffd
VIC2Sprite3Colour  =$d02a; unused
CIA1PortBDDR  =$dc03; unused
unstorebit  =$32b8; ?
SIDVoice2PulseWidthLo  =$d409
dirmenu  =$31e0; ?
ZPRS232XYTemp  =$97; unused
RESTOR  =$ff8a; unused
VIC2InteruptControl  =$d01a
VIC2Colour_Red  =$2; unused
twtxt2  =$3255; unused
regetpar  =$1ad9; ?
nexttune  =$1abf; ?
ZPDatasetteByteReady  =$9c; unused
NMIServiceRoutineLo  =$318
mtxt1  =$f11; ?
ZPSerialBusBuffer  =$a4; unused
tlmen  =$1dd1
ned  =$2052; unused
byte  =$2fed
SCNKEY  =$ff9f; unused
mtxt2  =$f5f; ?
wcharprint  =$12e8; ?
calcoffset  =$2bc7; ?
VIC2Sprite2Colour  =$d029; unused
mtxt3  =$f8c; ?
SIDVoice2PulseWidthHi  =$d40a
subtab  =$1a4a; ?
bcol  =$122e; ?
ZPRS232BitBuffer  =$b5; unused
MinimalIRQServiceRoutine  =$ea81
screenclr  =$a8d; ?
ldetrk3  =$1e8a; ?
cs1  =$b4a
tkl2  =$156c; ?
up5  =$1f9f; ?
tch2  =$2c31; ?
rpl4  =$2efa
fbl2  =$2f29; ?
RDTIM  =$ffde; unused
ldetrk2  =$1e80; ?
saverawz  =$22ee; ?
vector  =$22b3; unused
clearbuffer  =$315e; ?
up4  =$1f99; ?
rpl5  =$2f02; ?
SCREENRAM  =$400
loadall  =$222e; ?
ldetrk1  =$1e51; ?
scrollup  =$2be8; ?
tch0  =$2c14; ?
rpb1  =$2c90
rpl6  =$2f11
VIC2Sprite5Colour  =$d02c; unused
tkl1  =$1569; ?
envright  =$1803; ?
tim1  =$1697; ?
up6  =$1f97; ?
tch1  =$2c30; ?
rpl7  =$2f19; ?
fbl1  =$2f1f
SAVE  =$ffd8
ex1  =$1058; ?
up1  =$1f5a
txu  =$210a; unused
ss1  =$2989
trkstab  =$1a9f; ?
hblk1  =$2cd9; ?
rpl1  =$2ed7; ?
hexnum  =$2868; ?
noblk1  =$16ef; ?
trkgrab  =$1afe; unused
envtxt  =$2935; ?
saveraw  =$22db
hblk2  =$2d08; ?
up3  =$1f89; ?
repeat  =$21c2; ?
rpl2  =$2edc
VIC2Sprite4Colour  =$d02b; unused
cmpstr  =$2e4e; ?
tkd1  =$15ba; ?
up2  =$1f86; ?
rpl3  =$2ef6; ?
ss2  =$2994
irqset  =$acd; unused
tapesaverel  =$26b1
cp21  =$ec0; ?
SCREEN  =$ffed; unused
rettrack  =$21a9; ?
numhex  =$287b; ?
ZPKeyBufferLength  =$c6
ca2  =$a4f
cm4  =$e22; ?
ud5  =$1fe1; ?
VIC2Sprite7Colour  =$d02e; unused
SIDVoice3PulseWidthLo  =$d410
decrel  =$2692; ?
setuptext  =$3256; ?
ud4  =$1fd9; ?
sm1  =$21ce; ?
ml1  =$cbe; ?
tkr1  =$1587; ?
ud3  =$1fce; ?
cm2  =$dfe
cm3  =$e10; ?
ud2  =$1fcb; ?
timblk  =$2fcd; unused
subpar  =$1a45; ?
findendaddr  =$21e9
ud1  =$1faf
prompt  =$24fc; ?
playblk  =$2fcd; unused
VIC2ScreenColour  =$d021
VIC2Sprite6Colour  =$d02d; unused
envjmp  =$17c3; ?
SIDVoice3PulseWidthHi  =$d411
cm1  =$df5
tkr2  =$158a; ?
loblock  =$4a00
newline  =$1276
loadit  =$2309; ?
findpos  =$2bb9; ?
notsame  =$2192; ?
subreverse  =$1a05; ?
tsttl  =$1c17; ?
kilb  =$2f68; ?
CIA2ToDMinsBCD  =$dd0a; unused
openmenu  =$cf9; ?
trackplay  =$1b01; ?
LISTEN  =$ffb1; unused
envinschar  =$1867; ?
homeblk  =$2cd6; ?
linelength  =$2eb6; ?
wtemp  =$1240; ?
storeline  =$2d1c; ?
menuup  =$cd9; ?
trkleft  =$1556; ?
editsub2  =$23de
UNLSN  =$ffae; unused
menu3  =$ee5; ?
trksubmenu  =$1a94; ?
scud  =$2bf0
noteval  =$2eb8; ?
ZPSTVariable  =$90; unused
maxBlocks  =$40
menu2  =$eda; ?
lastblock  =$c14; ?
menu1  =$ecf; ?
diskh  =$2259; ?
namelength  =$30aa
BASICSTART  =$801
CIA2TimerBControl  =$dd0f
tsbin  =$1c18; ?
MusicPlayerDataStart  =$4600; unused
irqb  =$26a9; ?
incrblk  =$2ca6; ?
CIA1ToDSecsBCD  =$dc09; unused
typechar  =$2c08; ?
changetrack  =$1655; ?
CIA2TimerAControl  =$dd0e
menu6  =$f06; ?
VECTOR  =$ff8d; unused
CIA1KeyboardRowsJoystickB  =$dc01; unused
menu5  =$efb; unused
tempnum  =$2eb5; ?
tapenoer  =$1f52; ?
startzx  =$3e0c; ?
menu4  =$ef0; ?
inittracks  =$14ce; ?
getreladdr  =$262b; ?
durtxt  =$2930; ?
CIA1SerialShift  =$dc0c; unused
cbm2  =$b75; ?
fea1z  =$21f9
down1  =$2ad0; ?
stl5  =$2e27; ?
l2r  =$1b94; ?
ZPRS232BitCounter  =$b4; unused
RelocMusicPlayerStart  =$3700; ?
lshot  =$2393; ?
option  =$c9c; ?
cbm3  =$b83; ?
sbm1  =$194e
stl4  =$2e13; ?
VIC  =$d000; unused
exit  =$104c; ?
opw8  =$1121; ?
clearmem2  =$13b9; ?
sbm2  =$195f
stl7  =$2e32; ?
DefaultLOADRoutine  =$f4a5; unused
CIA1TimerBControl  =$dc0f
colour  =$1242; ?
startunpack  =$20e8
cbm1  =$b6d; ?
eic4  =$1899; unused
sbm3  =$1974; ?
stl6  =$2e2a
gfn1  =$3196; ?
ZPRS232BusBuffer  =$a7; unused
InitKeyboard  =$32d4; ?
eic3  =$1896; ?
sbm4  =$197d; ?
stl1  =$2e01; ?
MEMTOP  =$ff99; unused
CIA1TimerAControl  =$dc0e
eic2  =$187b; ?
sbm5  =$1986; ?
tsjmp  =$1c22; ?
init  =$a3d; ?
togtab  =$f4c; ?
trkdown  =$15a6; ?
edrtxt  =$260b; ?
stl3  =$2e0d; ?
eic1  =$1877; ?
ZPStopKeyIndicator  =$91; unused
mainline  =$a1f; ?
kMusicPlayer_Glide  =$fe; ?
mkeyno  =$c91; ?
reversebar  =$e97; ?
directory  =$327a; ?
l2u  =$21cc
pn1z  =$2d02; ?
stl2  =$2e05
KERNALIRQServiceRoutineHi  =$ffff
opw2  =$10b4
cht4  =$167d; ?
VIC2SpritePriority  =$d01b
envcarret  =$18ba; ?
opw3  =$10bd; unused
spt1  =$325a
gfz1  =$23a3
mwidth  =$ca5
ayipee  =$2713; unused
SIDVoice1PulseWidthLo  =$d402
CyclesPerSecondPALC64  =$f08a0; unused
opw1  =$109d
KERNALIRQServiceRoutineLo  =$fffe
VIC2Sprite5X  =$d00a; unused
tstxt  =$1bd0; ?
VIC2Sprite7Y  =$d00f; unused
opw6  =$10f5
chp2  =$1303; ?
VIC2Sprite5Y  =$d00b; unused
closemenu  =$ddb; ?
blksubmenu  =$2f93; ?
VIC2Sprite7X  =$d00e; unused
opw7  =$1110; ?
sbu1  =$19a0; ?
stl8  =$2e38; ?
cht1  =$1665; ?
VIC2Sprite1X  =$d002; unused
clblk  =$b56; ?
wcount  =$123e; ?
evsjmp  =$1a6b; ?
VIC2Sprite3Y  =$d007; unused
opw4  =$10c9; ?
cht2  =$1669; ?
ZPDatasetteTiming  =$92; unused
VIC2MemorySetup  =$d018
VIC2Sprite1Y  =$d003; unused
SIDVoice1PulseWidthHi  =$d403
VIC2Sprite3X  =$d006; unused
opw5  =$10ef
chp1  =$12b3; ?
cht3  =$166b; ?
VIC2ExtraBackgroundColour3  =$d024; unused
VIC2Colour_LightGrey  =$f; unused
clearmem  =$13ab; ?
wypos  =$1235; ?
printline  =$27b1; ?
VIC2ExtraBackgroundColour2  =$d023; unused
tlttl  =$1e23; ?
CLOSE  =$ffc3; unused
VIC2ExtraBackgroundColour1  =$d022; unused
sb2m  =$1ba7; ?
down  =$2ac0; ?
SaveRoutineHi  =$333; unused
increl  =$267f; ?
titlewin  =$323e; ?
MusicPlayerStop  =$3f06; unused
CIA1KeyboardColumnJoystickA  =$dc00; unused
pload  =$c38
trace  =$145f
ProcessorPortAllRAM  =$20; unused
trkexit  =$167e; ?
kMusicPlayer_Volume  =$fc; ?
ytemp  =$28d3
SaveRoutineLo  =$332; unused
clearline  =$2858; ?
CLALL  =$ffe7; unused
saveblocks  =$1cca; ?
STOP  =$ffe1; unused
swap1  =$1afa; unused
testavail  =$24bd; ?
cpytemp  =$2919; ?
tlbin  =$1e24; ?
edit2  =$2a33
loadpos  =$1e5b; ?
edit3  =$2a48; ?
menujmp  =$c87; ?
swidth  =$1a47; ?
swap3  =$1afc; unused
VIC2Colour_Blue  =$6; unused
edit1  =$2a28; ?
swap2  =$1afb; unused
track  =$2191; ?
menubar  =$c4f; ?
opw11  =$114e; ?
envsnd  =$1a75; unused
trnblk  =$2fcd; unused
openwindow  =$1091; ?
cxtemp  =$c9f; unused
opw10  =$1142
replaceblock  =$2c81; ?
IRQDecrTune  =$3e09; ?
edit4  =$2a59; ?
ZPSerialBusCacheStatus  =$94; unused
relocate  =$1b63
edtxt  =$249d; ?
value  =$28d4; ?
octnum  =$28d6; ?
direxit  =$3121; ?
ps5  =$be4
ffd2au  =$214f; unused
VIC2MemorySetupDefault  =$15; unused
ps4  =$bdd; ?
ptrk1  =$1409
CIA2PortASerialBusVICBank  =$dd00
ptrk2  =$141a
zp4  =$1b44; ?
zp5  =$1b3d; ?
trk4  =$14c5; ?
txtmp  =$2525; ?
right  =$2a9b; ?
es3z  =$2461
left  =$2a8d; ?
VIC2ExtraSpriteColour2  =$d026; unused
deviceon  =$1f55; ?
ps1  =$bb5; unused
trk3  =$14b4; ?
zp2  =$1b48; ?
tmpx  =$a6c; unused
trk2  =$14a3
exitStor  =$23ac; ?
duration  =$280c; ?
zp3  =$1b30; ?
ps3  =$bcf; ?
trk1  =$145f
tljmp  =$1e2e; ?
xtemp  =$28d1; ?
diry  =$244b; ?
VIC2ExtraSpriteColour1  =$d025; unused
incnum1l  =$1f16; ?
countu  =$2109
bksjmp  =$2fb7; ?
ps2  =$bb7
prpar  =$132a; ?
stopplay  =$3e45; ?
zp1  =$1b03
ZPStartStringVariableLo  =$33; unused
ZPDisplaySystemErrorSwitch  =$9d; unused
cpxtemp  =$2918; unused
SIDVoice3Control  =$d412
editor  =$29ad; ?
decnum2  =$1d9c; ?
pm2  =$d74
sprfig  =$294c; ?
ti1  =$1690
lc2  =$1f05; ?
BASICROM  =$a000; unused
trkkill  =$1afd; unused
pm3  =$d7a
dc1  =$328b
SIDVoice2Control  =$d40b
menunum  =$a12
vector2  =$22bf; unused
ti3  =$16a7; ?
dc2  =$329a
pm1  =$d43
ti2  =$16b1
decnum1  =$1d3f; ?
kl1u  =$212c; ?
lc1  =$1ecd
ZPStartStringVariableHi  =$34; unused
SIDVoice1Control  =$d404
pm6  =$db0
rop1  =$e33; ?
ta1  =$24e7; ?
rb1  =$2b2a
di1  =$2273
devs  =$c31
cytemp  =$ca0
envelope  =$2820; ?
pm7  =$dd2; ?
iop  =$2008
pm4  =$d93; ?
rop3  =$e54; ?
sjmppos  =$1a4e; ?
rgp1  =$1adb
ZPRS232OutByte  =$9e; unused
mhotkey  =$caa
pm5  =$da4; ?
rop2  =$e49
tltxt  =$1ddc; ?
trimspeech  =$30ab
text  =$28d8; ?
storebit  =$32a6; ?
ProcessorStack  =$100; unused
wxpos  =$1234; ?
endflag  =$28d7; ?
decnum1l  =$1f27; ?
lengthtab  =$31d2; ?
grab  =$2f3e; ?
dirselect  =$3235; ?
CIA1ToDMinsBCD  =$dc0a; unused
scrolldown  =$2bfd; ?
kMusicPlayer_Duration  =$fa; ?
tmppar  =$1aee; ?
ps4m  =$bc0; ?
trknum  =$1554; ?
numberyes  =$26a5; ?
storename  =$313e; ?
tempchar  =$2eb4; ?
main1  =$a2d
ps2m  =$bba; ?
printtitle  =$1243; ?
blkedit2  =$2a0f
DefaultNMIServiceRoutine  =$fe47; unused
dirjmp  =$3215; ?
bstyle  =$122f; ?
cpsty  =$2e70; ?
CIA2  =$dd00; unused
VIC2Colour_Black  =$0; unused
delxtemp  =$2c7f; ?
RS232OutputBufferHi  =$fa; unused
DefaultSTOPVector  =$f6ed; unused
wtlpos  =$123c; ?
ZPSerialBusCache  =$95; unused
VIC2SpriteSpriteCollision  =$d01e; unused
SIDVolumeFilter  =$d418
kMusicPlayer_TransposeBlock  =$80
wwidth  =$1236; ?
editsub  =$23db
CIA1  =$dc00; unused
envoffset  =$17d9; ?
CIA2ToDSecsBCD  =$dd09; unused
start  =$1fef
RS232OutputBufferLo  =$f9; unused
flhtxt  =$291c; ?
kMusicPlayer_Envelope  =$fb; ?
drawbox  =$11ac; ?
VIC2SpriteXBorderRight  =$158; unused
VIC2SpriteYBorderTop  =$32; unused
flptxt  =$292b; ?
gltxt  =$293f; ?
toggledevs  =$2527; ?
mcount  =$c9d
tsmen  =$1bc5
mbarwidth  =$c97
savealltrk  =$1c6b; ?
VIC2ScreenControlH  =$d016
SIDVoice1AttackDecay  =$d405
killall  =$1387; ?
lswin  =$2340; ?
wtxtpos  =$123a; ?
lendl  =$223e; ?
TKSA  =$ff96; unused
tracku  =$2184
tatmp  =$2524; ?
over  =$2515; ?
SIDVoice2SustainRelease  =$d40d
RS232InputBufferHi  =$f8; unused
envbuffer  =$17da
packbytes  =$2077; ?
VIC2ScreenControlV  =$d011
edl2  =$18fe; ?
edl1  =$18f0
filterControl  =$27a3
ZPPrevKeyPressed  =$c5; unused
CLRSCR  =$e544; unused
VIC2Colour_LightBlue  =$e; unused
printmenu  =$d3f; ?
tytmp  =$2526; ?
evg1  =$190e
SIDVoice3SustainRelease  =$d414
menubuffer1  =$800
enveditScreen  =$c46
style  =$1233; ?
evi1  =$18ce
RS232InputBufferLo  =$f7; unused
trkjmp  =$14ea; ?
cum2  =$12d3; ?
evk1  =$1a7e
trackeditor  =$143a; ?
loadsaveMenu  =$c20
wtllen  =$1241; ?
cum1  =$12c9; ?
TALK  =$ffb4; unused
menubuffer2  =$900
bdepth  =$122d; ?
getname  =$3045
evi2  =$18dd; ?
SETTIM  =$ffdb; unused
IRQIncrTune  =$3e06; ?
SETTMO  =$ffa2; unused
VIC2Colour_Grey  =$c; unused
mnu4  =$c79; ?
mtt2  =$e73; ?
swr2  =$26f6; ?
VIC2SpriteSizeY  =$15; unused
evu1  =$1834; ?
VIC2SpriteSizeX  =$18; unused
mtt1  =$e5e
swr1  =$26e9
movecursor  =$29a4
iopu  =$2124
SIDVoice1SustainRelease  =$d406
unpackmem  =$1f56; ?
svetrk3  =$1c5f; ?
getbyte  =$2ff9
loadtracks  =$1e38; ?
ckp2  =$2f3b; ?
mnu1  =$c52
svetrk2  =$1c53; ?
int1  =$14d0
LOAD  =$ffd5
mnu2  =$c57
svetrk1  =$1c47; ?
bkrtxt  =$1cb1; ?
VIC2LightPenX  =$d013; unused
VIC2LightPenY  =$d014; unused
mnu3  =$c68; ?
trkcount  =$1555; ?
tkeyno  =$1502; ?
VIC2SpriteEnable  =$d015
sypos  =$1a46; ?
printfile  =$2457; ?
VIC2SpriteDoubleWidth  =$d01d
cypos  =$2716; ?
subdown  =$19a1; ?
BRKServiceRoutineLo  =$316; unused
fade  =$2827; ?
SIDVoice3WaveformOutput  =$d41b; unused
envdel  =$18e5; ?
CIA2ToD10thSecsBCD  =$dd08; unused
count  =$1fed
directoryStor  =$2441; ?
file  =$200; ?
envsubmenu  =$1a51; ?
trksjmp  =$1ab5; ?
BRKServiceRoutineHi  =$317; unused
menukey  =$c82; ?
mtxtpos  =$ca8
filterPass  =$27aa
del  =$2c32; ?
CIA1TimerAHi  =$dc05; unused
kMusicPlayer_EndBlock  =$fd; ?
charprint2  =$eae; ?
wint3  =$12c3; ?
checkhotkey  =$19cd; ?
MusicPlayerCodeToDataOffset  =$700
savetrack  =$1c2e; ?
newcol  =$12db; ?
namebuffer  =$3095; ?
RAMTAS  =$ff87; unused
VIC2SpriteDoubleHeight  =$d017
CIA1ToD10thSecsBCD  =$dc08; unused
mjmp1  =$1015; ?
trkins2  =$16a0; unused
wint2  =$12bc; ?
insertchar  =$2b91; ?
svetk1  =$1c89; ?
mjmp2  =$1027; ?
wint1  =$1291
up  =$2aa8; ?
CIA2TimerAHi  =$dd05; unused
closewindow  =$115a; ?
mjmp3  =$102f; ?
trkinschar  =$15e3; ?
lditbkl  =$1e94
replaceline  =$2ebf; ?
ffd2a  =$203c; ?
offset  =$28d2; ?
kMusicPlayer_FilterPass  =$f9; ?
edkey  =$2a62; ?
subup  =$1992; ?
CIA1TimerALo  =$dc04; unused
mjmp4  =$1039; ?
envup  =$1824; ?
findenvpos  =$18a4; ?
flctxt  =$2926; ?
ZPRS232Parity  =$ab; unused
trackedit  =$c15
mjmp5  =$1041; ?
trcn  =$3f09; ?
envscrup  =$184a; ?
tlwin  =$1dc7
playflag  =$3ed8; ?
mjmp6  =$1045; ?
lkrtxt  =$1e9e; ?
ZPAddressToLoad  =$ae; unused
SIDVoice2AttackDecay  =$d40c
CIA2TimerALo  =$dd04; unused
mdepth  =$ca6
checkpos  =$2f2e; ?
mu1  =$ce7; ?
trkblock  =$16c9; ?
blk2  =$1cc9
del3  =$2c5c; ?
STOPVectorHi  =$329; unused
envput  =$1925; ?
KERNALColdStartResetHi  =$fffd; unused
bypos  =$122b; ?
tkc4  =$1626; ?
ftb1  =$29d4
del2  =$2c57; ?
es1  =$2425
ZPEndBasicLo  =$37; unused
rzs  =$104b; ?
dsg1  =$1e7e; ?
ftb2  =$29e0
errorchannel  =$300a
MusicPlayerTrackPos  =$3f09; ?
del1  =$2c4a
es2  =$23c2
rvb1  =$ea1
savepar  =$1ac7; ?
blk1  =$1cc8
nedu  =$2163; unused
ftb3  =$29ec; ?
es3  =$2473
winbuffer2  =$8d00
reverseoption  =$e28; ?
duh1  =$dc5; ?
tkc1  =$15ff; ?
ftb4  =$29ed; ?
cz1  =$13c6
es4  =$247e; ?
STOPVectorLo  =$328; unused
KERNALColdStartResetLo  =$fffc; unused
cm1z  =$13ad
hextab  =$2889; ?
del6  =$2c5b; ?
byeu  =$2107
ZPEndBasicHi  =$38; unused
DefaultSaveRoutine  =$f5ed; unused
bcount  =$1230; unused
ldreloc  =$23af; unused
incrtune  =$3e4e; ?
tkc3  =$1622; ?
del5  =$2c7e; ?
winbuffer1  =$8c00
MoveScreen  =$946; ?
xpos  =$2713; ?
tkc2  =$1600; ?
del4  =$2c75
cb1  =$b60
diskbit  =$2597; ?
fromAddr  =$962; ?
ec1  =$1ce8
unpackfile  =$2168; ?
predit1  =$2a15; ?
blocklength  =$2f2d; ?
gb1  =$2f43
SPRITEFRAME  =$7f8; unused
CHKOUT  =$ffc9; unused
fetchblock  =$29c7; ?
ec2  =$1d53; ?
saveit  =$2288
gb2  =$2f55
sn1  =$314c
ZPRS232BusBitCounter  =$a8; unused
SIDFilterCutoffFreqLo  =$d415; unused
cb2  =$b71
ec3  =$1d93; ?
gb3  =$2f77
CIA1InterruptControl  =$dc0d
ec4  =$1daf; ?
shptab  =$28c5; ?
gettitle  =$301c
dir3  =$30f5; unused
sb1  =$32a8
cl2  =$2867; ?
chp1b  =$12ac; ?
saverelz  =$25b2; ?
kl1  =$2010; ?
dir2  =$30d0
nullexit  =$239f
gl1  =$263b
dir1  =$30c8
SIDFilterCutoffFreqHi  =$d416
CIA2InterruptControl  =$dd0d
blockedit  =$c00
subtext  =$8e00
tku1  =$15a3; ?
xhex  =$291b; unused
cl1  =$285d
sb2  =$32ba
ytab  =$2717; ?
sxpos  =$1a45; ?
decrtune  =$3e54; ?
cxpos  =$2715; ?
scrtrkup  =$15bd; ?
findinstr  =$2bd3; ?
lz1j  =$2057; unused
split  =$3e78; ?
wincol  =$1238; ?
lsttl  =$238e; ?
UNTLK  =$ffab; unused
VIC2SpriteMulticolour  =$d01c
prevtune  =$1ac3; ?
ZPNumFilesOpen  =$98; unused
kffb7  =$1f47
defjmp  =$2810; ?
outchar  =$2eb1; ?
maxopt  =$ca7
mjmppos  =$cac
notetab  =$28b9; ?
VIC2Colour_Brown  =$9; unused
shotkey  =$1a4c; ?
keyblk  =$2fcd; unused
VIC2Colour_DarkGrey  =$b; unused
wtext  =$128b; ?
ZPProcessorPortDDR  =$0
VIC2SpriteXBorderLeft  =$18; unused
menudown  =$ce8; ?
trkright  =$1574; ?
ZPStartVariableLo  =$2d; unused
PLOT  =$fff0; unused
lsbin  =$238f; ?
backupFXTableSpace  =$c100
MusicPlayerPlay  =$3f03; ?
startit  =$3ecb; ?
envkill  =$1a76; ?
editrel  =$2601
cursoroff  =$2afe; ?
mytemp  =$ca1
evstab  =$1a5c; ?
stopit  =$3ec0; ?
ZPStartVariableHi  =$2e; unused
VIC2Colour_Cyan  =$3; unused
default  =$a6d; ?
editbkl  =$1ca7
SIDVoice3AttackDecay  =$d413
COLOURRAM  =$d800
menuhotkey  =$1062; ?
tshot  =$1c1d; ?
tempx  =$1fec
chk3  =$19ff; ?
ghn1  =$2e99; ?
l3r  =$1ba3
endoffile  =$227b; ?
bxpos  =$122a; ?
chk2  =$19ee; ?
clo1  =$2bcc
l1r  =$1b82
ZPStartArrayVariableLo  =$2f; unused
ZPCurrentStringVariableLo  =$35; unused
LoadRoutineLo  =$330; unused
temphex  =$1724; ?
getkey  =$32ca; ?
trkedit2  =$1459
chk1  =$19e1
clo2  =$2bd2; ?
chk0  =$19d3; ?
ghn2  =$2e92; ?
IOINIT  =$ff84; unused
MEMBOT  =$ff9c; unused
envedit  =$176a; ?
calcpos  =$2903; ?
lsjmp  =$2397; ?
findnum  =$2e71; ?
menutext  =$e58; ?
track1  =$4600
cltrk  =$b20; ?
incnum2  =$1d83; ?
removeBye  =$2b28; ?
ctm2  =$b34; ?
charprint  =$28f0; ?
ZPStartArrayVariableHi  =$30; unused
ZPCurrentStringVariableHi  =$36; unused
LoadRoutineHi  =$331; unused
calclength  =$2f1d; ?
track3  =$4800
submenu  =$1944; ?
glide  =$283b; ?
ctm1  =$b2c; ?
trkoffset  =$1551; ?
l1u  =$2168
track2  =$4700
MainStart  =$a00; ?
trkins  =$1684; ?
incnum1  =$1d2b; ?
ypos  =$2714; ?
l3u  =$21d8; ?
sprsetup  =$296d; ?
menuleft  =$cae; ?
killtxt  =$13a1; ?
dirbintab  =$31f5; ?
RealMusicPlayerStart  =$3f00; ?
left1  =$2a9a; ?
MusicPlayerCodeEnd  =$45e9
clw4  =$11a6; ?
trkkey  =$14de; ?
stu1  =$15ce; ?
srv1  =$1a13
cps1  =$2e59; ?
CHROUT  =$ffd2; unused
loop1  =$960
editbox  =$2493; ?
SETMSG  =$ff90; unused
IRQStopPlay  =$3e03; ?
loop2  =$962
srv3  =$1a26; ?
svp1  =$1ac9
endblock  =$282e; ?
cps3  =$2e6f; ?
esu1  =$1858; ?
srv2  =$1a1f; ?
evshot  =$1a66; ?
cps2  =$2e60; unused
VIC2Sprite4X  =$d008; unused
MemoryMappedIOArea1  =$de00; unused
twtxt  =$3248; ?
VIC2Sprite6Y  =$d00d; unused
fadtxt  =$293a; ?
VIC2Sprite4Y  =$d009; unused
VIC2Colour_Orange  =$8; unused
lstxt  =$2355; ?
text2  =$28ef; ?
VIC2Sprite6X  =$d00c; unused
clw1  =$117d
srv4  =$1a3a
cps4  =$2e6a; ?
DefaultIRQServiceRoutine  =$ea31
VIC2Sprite0X  =$d000
edrtit  =$2619; ?
text1  =$28de
VIC2Sprite2Y  =$d005; unused
VIC2Colour_White  =$1; unused
clw2  =$1183
ZPLoadVerify  =$93; unused
MemoryMappedIOArea2  =$df00; unused
loadrawz  =$2302; ?
ZPCurrentInputDevice  =$99; unused
VIC2Sprite0Y  =$d001
VIC2Sprite2X  =$d004; unused
clw3  =$1195; ?
startad  =$1b61
yhex  =$291a; ?
gf1  =$ad4
trkp  =$1b4c; ?
gf1  =$23b7
exit2  =$2fc7; ?
notEnd  =$2d53; ?
up2  =$2ab8; ?
lastblock  =$2d1b; ?
notBlank  =$2d3a; ?
commonBlockGetByteAndStore  =$2d61
exit  =$2ad8; ?
commonBlockStoreOneByte  =$2d67; unused
count  =$28d5; ?
nbc8  =$2dfe; ?
nbc6  =$2ddc; ?
nbc7  =$2ded; ?
nbc4  =$2dba; ?
nbc5  =$2dcb; ?
nbc2  =$2d83; ?
nbc3  =$2d94; ?
commonBlockStoreByte  =$2d48; ?
nbc1  =$2d72; ?
killtxt  =$2f88; ?
l4  =$305e; ?
l1  =$3029
getfilename  =$316a; ?
l3  =$304a
l2  =$305b
sm1  =$3071; ?
directory  =$30c2
file  =$2fec; ?
count  =$3276; ?
cb1  =$3161
something  =$32d3; ?
smpreviousStack2  =$3353; ?
smpreviousStack1  =$3350; ?
initNMI  =$335e; ?
initIRQ  =$3357; ?
w1  =$3338
tt1  =$4572; unused
nopdel1  =$4381; ?
hint  =$3f96
tt2  =$4574; unused
glidentd  =$42ec; ?
smallwib  =$4468; unused
sn1t  =$457c; ?
retfind2  =$40b1
uppzz  =$45b2
lasn  =$3f36
hinb  =$3f80
retfind3  =$40cc
pntone2  =$4500; ?
pntone1  =$44cb; ?
bitend  =$3f74
noend  =$4341; ?
retfind1  =$4096
sndchnge  =$42d5; ?
p2  =$411c
oskiplot  =$436c; ?
p1  =$41ec; ?
envdata  =$4900
noType  =$439d; ?
handleVolume  =$4283
handleFiltHi  =$4256
pwhit  =$3f1b
handleFiltLo  =$4260
nowrap  =$4550; ?
notThisFrame  =$41d3; ?
noglide  =$4560; ?
wvft  =$3f9f
envDataP4_2  =$3f51
envDataP4_1  =$3f4e
endpulse  =$45d7; ?
tomtom  =$43fd; ?
wvfb  =$3f8b
largerWibble  =$449e; ?
pwhic  =$3f18
voft  =$422e; ?
noreset  =$448a; ?
vols  =$3f42
nodrumsound2  =$43b1; ?
volu  =$4069
hsi1  =$423b; ?
lst1  =$3f39
downwib  =$4481; ?
p2ch  =$41d5
sm1  =$423e; ?
transpose  =$41fa
checkVoiceRetrigger  =$40fd
glidesub2  =$4524; unused
retr  =$3f3c
gsret  =$4139
hiblock  =$4a40
handleFiltPass  =$4274
handleseq  =$4231; ?
endwib  =$4498; ?
notNeg  =$4545; ?
p1zcz  =$413e; ?
envDataP5_2  =$3f57
drumFlag  =$3f45
envDataP5_1  =$3f54
yep1  =$4099
endplay  =$40f6
nextstep  =$4314; ?
yep2  =$40b4
yep3  =$40cf
loblock  =$4a00
atde  =$3f0c
bitstart  =$3f09
pulse  =$45a9; ?
sure  =$3f0f
lstTrPos  =$41f9
fmbit  =$4461; ?
loop  =$42a0; ?
stopplay  =$41f0; ?
fxfv  =$3f3f
pcnt  =$3f63
tmpx  =$406a
rightplace  =$40e4; ?
hinote  =$4009
down  =$44e8; ?
skipLargeWibbleInit  =$43e5; ?
wvf  =$3f7a
s8  =$40db; ?
pwlo  =$3f1e
s3  =$408f
s2  =$407a
blcn  =$3f30
s1  =$4072
ntlo  =$3f2a
pwhi  =$3f15
s7  =$40c5
largeWibbleEnable  =$3f4b
s6  =$40c3; ?
s5  =$40aa
nthi  =$3f2d
s4  =$40a8; ?
processFirstFrame  =$3f73
nochanget  =$45a3; ?
tomtombit  =$4563; ?
handleFiltControl  =$426a
drumbit  =$43e8; ?
noteoff  =$414b; unused
glti  =$3f21
realNotePlayRet  =$4129
block  =$4292; ?
noteplayBuffered  =$42c6; ?
gltf  =$3f60
glno  =$3f24
start  =$406b; ?
doubleNoteDurationLo  =$3f33
makeVoiceRelease  =$41e4; ?
ltnt  =$3f5a
nextNotePlay  =$3f6f
skiplot  =$4360; unused
trkp  =$3f6c
p2Skip  =$4129; ?
glidesub  =$451d
sn1  =$4412; ?
endtrack  =$4220; ?
sn2  =$4439; ?
bass  =$442c; ?
origalNoteDuration  =$3f69
lonote  =$3fa9
endfm  =$4453
play  =$410a; ?
hin  =$3f74
nodrumsound  =$4136; ?
realNotePlay  =$431f; ?
smallWibTab  =$4456
loopplay  =$4205
up  =$44b3
repeatbl  =$4214
pdel  =$3f66
uppordop  =$45da; ?
tran  =$3f27
playflag  =$3f72
trcn  =$3f09
dopzz  =$45c8
uppz  =$45c4; ?
wibt  =$3f48
lnotThisFrame  =$40f7
track3  =$4800
sn1tz  =$456f; ?
track2  =$4700
track1  =$4600
handleseqRet  =$41ec
endblock  =$4307; ?
durchnge  =$42e2; ?
glident  =$4534; ?
snare  =$4405; ?
finded1  =$40a2; ?
wibf  =$3f5d
finded3  =$40d5; ?
noteoff3  =$41a4; ?
finded2  =$40bd; ?
noteoff2  =$4175; ?
noteoff4  =$41d3; ?
core  =$3f12
gldz1  =$42f5; ?
nopdel1  =$3b81; ?
tt1  =$3d72; unused
tt2  =$3d74; unused
hint  =$3796
glidentd  =$3aec; ?
sn1t  =$3d7c; ?
smallwib  =$3c68; unused
retfind3  =$38cc
pntone2  =$3d00; ?
retfind2  =$38b1
uppzz  =$3db2
lasn  =$3736
hinb  =$3780
noend  =$3b41; ?
bitend  =$3774
retfind1  =$3896
pntone1  =$3ccb; ?
sndchnge  =$3ad5; ?
p2  =$391c
p1  =$39ec; ?
oskiplot  =$3b6c; ?
envdata  =$4100
noType  =$3b9d; ?
handleVolume  =$3a83
pwhit  =$371b
handleFiltHi  =$3a56
nowrap  =$3d50; ?
notThisFrame  =$39d3; ?
handleFiltLo  =$3a60
noglide  =$3d60; ?
wvft  =$379f
envDataP4_2  =$3751
envDataP4_1  =$374e
tomtom  =$3bfd; ?
endpulse  =$3dd7; ?
largerWibble  =$3c9e; ?
wvfb  =$378b
pwhic  =$3718
noreset  =$3c8a; ?
voft  =$3a2e; ?
nodrumsound2  =$3bb1; ?
vols  =$3742
volu  =$3869
hsi1  =$3a3b; ?
downwib  =$3c81; ?
p2ch  =$39d5
sm1  =$3a3e; ?
lst1  =$3739
transpose  =$39fa
checkVoiceRetrigger  =$38fd
glidesub2  =$3d24; unused
retr  =$373c
gsret  =$3939
hiblock  =$4240
handleFiltPass  =$3a74
handleseq  =$3a31; ?
endwib  =$3c98; ?
notNeg  =$3d45; ?
p1zcz  =$393e; ?
envDataP5_2  =$3757
envDataP5_1  =$3754
drumFlag  =$3745
yep1  =$3899
yep3  =$38cf
endplay  =$38f6
nextstep  =$3b14; ?
yep2  =$38b4
loblock  =$4200
atde  =$370c
sure  =$370f
bitstart  =$3709
pulse  =$3da9; ?
lstTrPos  =$39f9
fmbit  =$3c61; ?
loop  =$3aa0; ?
stopplay  =$39f0; ?
fxfv  =$373f
pcnt  =$3763
tmpx  =$386a
rightplace  =$38e4; ?
hinote  =$3809
down  =$3ce8; ?
s8  =$38db; ?
skipLargeWibbleInit  =$3be5; ?
wvf  =$377a
s2  =$387a
pwlo  =$371e
s3  =$388f
ntlo  =$372a
blcn  =$3730
s1  =$3872
largeWibbleEnable  =$374b
s6  =$38c3; ?
pwhi  =$3715
s7  =$38c5
nthi  =$372d
s4  =$38a8; ?
s5  =$38aa
processFirstFrame  =$3773
nochanget  =$3da3; ?
tomtombit  =$3d63; ?
handleFiltControl  =$3a6a
drumbit  =$3be8; ?
noteoff  =$394b; unused
glti  =$3721
gltf  =$3760
realNotePlayRet  =$3929
block  =$3a92; ?
noteplayBuffered  =$3ac6; ?
glno  =$3724
doubleNoteDurationLo  =$3733
start  =$386b; ?
ltnt  =$375a
makeVoiceRelease  =$39e4; ?
nextNotePlay  =$376f
trkp  =$376c
skiplot  =$3b60; unused
p2Skip  =$3929; ?
endtrack  =$3a20; ?
glidesub  =$3d1d
sn1  =$3c12; ?
sn2  =$3c39; ?
origalNoteDuration  =$3769
bass  =$3c2c; ?
lonote  =$37a9
endfm  =$3c53
play  =$390a; ?
hin  =$3774
realNotePlay  =$3b1f; ?
nodrumsound  =$3936; ?
smallWibTab  =$3c56
loopplay  =$3a05
up  =$3cb3
pdel  =$3766
repeatbl  =$3a14
uppordop  =$3dda; ?
trcn  =$3709
playflag  =$3772
tran  =$3727
wibt  =$3748
lnotThisFrame  =$38f7
dopzz  =$3dc8
uppz  =$3dc4; ?
track2  =$3f00
sn1tz  =$3d6f; ?
track3  =$4000
track1  =$3e00
handleseqRet  =$39ec
endblock  =$3b07; ?
durchnge  =$3ae2; ?
glident  =$3d34; ?
snare  =$3c05; ?
wibf  =$375d
finded1  =$38a2; ?
finded2  =$38bd; ?
noteoff2  =$3975; ?
finded3  =$38d5; ?
noteoff3  =$39a4; ?
noteoff4  =$39d3; ?
core  =$3712
gldz1  =$3af5; ?
