kMusicPlayer_FilterHi  =$f6
ZPRS232StopBitSwitch  =$a9; unused
Multiplex_maininterEx  =$d83; unused
VIC2SpriteBackgroundCollision  =$d01f; unused
Multiplex_CollisionHistory  =$6d0; unused
READST  =$ffb7; unused
ZPStartBasicLo  =$2b; unused
ZPCurrentOutputDevice  =$9a; unused
Multiplex_StartTopInterrupt  =$12ac; ?
kMusicPlayer_FilterLo  =$f7
CHKIN  =$ffc6; unused
ZPDatasetteEndOfTape  =$96; unused
ZPStartBasicHi  =$2c; unused
CIA1TimerBHi  =$dc07; unused
VIC2Colour_Yellow  =$7; unused
CIA2TimerBHi  =$dd07; unused
FlagUpperLowerCaseChange  =$291; unused
CIA1TimerBLo  =$dc06; unused
VIC2ScreenControlVDefault  =$1b; unused
envdata  =$4900; unused
VIC2InteruptStatus  =$d019
VIC2BorderColour  =$d020
CIA2TimerBLo  =$dd06; unused
ACPTR  =$ffa5; unused
CIA2SerialShift  =$dd0c; unused
OPEN  =$ffc0; unused
SIDFilterControl  =$d417
ZPRS232ByteBuffer  =$aa; unused
VIC2Colour_Purple  =$4; unused
SECOND  =$ff93; unused
ZPTapeTimingConstant  = ?; unused
SIDPaddleY  =$d41a; unused
ZPCurrentKeyPressed  =$cb; unused
KERNALROM  =$e000; unused
SIDPaddleX  =$d419; unused
IRQServiceRoutineLo  =$314
VIC2Raster  =$d012
VIC2SpriteXMSB  =$d010
kMusicPlayer_RepeatBlock  =$40
kMusicPlayer_LoopTrack  =$ff; unused
COLORRAM  =$d800; unused
IRQServiceRoutineHi  =$315
VIC2Colour_LightGreen  =$d; unused
UDTIM  =$ffea; unused
VIC2SpriteYBorderBottom  =$fa
CIA2PortBRS232  =$dd01; unused
ZPEndArrayVariableLo  =$31; unused
GETIN  =$ffe4; unused
SIDVoice1FreqHi  =$d401
ZPAddressToSave  =$ac; unused
blocks  =$4b00; unused
ZPEndArrayVariableHi  =$32; unused
SETLFS  =$ffba; unused
SIDVoice1FreqLo  =$d400
CIA2PortADDR  =$dd02; unused
EnableMusic  =$1
move  =$1851; ?
CIA1ToDHoursBCD  =$dc0b; unused
KERNALNMIServiceRoutineLo  =$fffa
Multiplex_CollisionIndexes  =$6f8; unused
xoffset  =$45
Multiplex_BottomTriggered  =$c
SIDVoice2FreqLo  =$d407
CIA1PortADDR  =$dc02; unused
SIDVoice3FreqHi  =$d40f
CLRCHN  =$ffcc; unused
KERNALNMIServiceRoutineHi  =$fffb
yoffset  =$46
ZPDatasetteParity  =$9b; unused
SIDVoice2FreqHi  =$d408
SIDVoice3FreqLo  =$d40e
ProcessorPortDefault  =$37; unused
ZPChrGet  =$73; unused
CIOUT  =$ffa8; unused
VIC2ScreenControlHDefault  =$c8; unused
InitialiseMachine  =$18c8; ?
ZPCurrentFileDeviceNumber  =$ba; unused
kMusicPlayer_FilterControl  =$f8
Multiplex_SpriteFrame  =$17c0; ?
SID  =$d400
kMusicPlayer_StopTrack  =$fd
MusicPlayerStart  =$3f00; ?
ZPDatasetteBufferOffset  =$a6; unused
SETNAM  =$ffbd; unused
Multiplex_endVars  =$3d
Multiplex_IRQServiceRoutineHi  =$ffff
Multiplex_XPosLo  =$1730; ?
VIC2Colour_Green  =$5; unused
VIC2Colour_LightRed  =$a; unused
HEADERex  =$f76a; unused
BASICEntry  =$900
Multiplex_IRQServiceRoutineLo  =$fffe
Multiplex_XPosHi  =$1760; ?
hiblock  =$4a40; unused
MusicPlayerInit  =$3f00; unused
SIDVoice3ADSROutput  =$d41c; unused
ZPEOISerialBusSwitch  =$a3; unused
CHRIN  =$ffcf; unused
VIC2Sprite1Colour  =$d028; unused
ZPProcessorPort  =$1
ZPDatasetteBufferHo  =$b3; unused
kMusicPlayer_StopAllTracks  =$fe
ProcessorPortDDRDefault  =$2f
ZPTimeOfDay  =$a0; unused
ZPDatasetteBufferLo  =$b2; unused
Multiplex_spriteHeightTweak  =$17
VIC2Sprite0Colour  =$d027
ZPSerialBusBitCounter  =$a5; unused
CIA2PortBDDR  =$dd03; unused
ProcessorPortAllRAMWithIO  =$25
NMIServiceRoutineHi  =$319
CIA2ToDHoursBCD  =$dd0b; unused
CINT  =$ff81; unused
ZPDatasetteNameWriteCount  =$9f; unused
IOBASE  =$fff3; unused
VIC2Sprite3Colour  =$d02a; unused
CIA1PortBDDR  =$dc03; unused
SIDVoice2PulseWidthLo  =$d409
ZPRS232XYTemp  =$97; unused
RESTOR  =$ff8a; unused
VIC2InteruptControl  =$d01a
VIC2Colour_Red  =$2
Multiplex_MaxSprSorted  =$6
ZPDatasetteByteReady  =$9c; unused
NMIServiceRoutineLo  =$318
ZPSerialBusBuffer  =$a4; unused
SCNKEY  =$ff9f; unused
VIC2Sprite2Colour  =$d029; unused
SIDVoice2PulseWidthHi  =$d40a
ZPRS232BitBuffer  =$b5; unused
MinimalIRQServiceRoutine  =$ea81; unused
RDTIM  =$ffde; unused
SCREENRAM  =$400
VIC2Sprite5Colour  =$d02c; unused
SAVE  =$ffd8; unused
Multiplex_xreg  =$3
VIC2Sprite4Colour  =$d02b; unused
SCREEN  =$ffed; unused
Multiplex_AckExitInterrupt  =$129b; ?
ZPKeyBufferLength  =$c6; unused
VIC2Sprite7Colour  =$d02e; unused
SIDVoice3PulseWidthLo  =$d410
countDown3  =$1850; ?
VIC2ScreenColour  =$d021
VIC2Sprite6Colour  =$d02d; unused
countDown2  =$184f; ?
SIDVoice3PulseWidthHi  =$d411
Multiplex_bal  =$a
loblock  =$4a00
counterx1  =$3d
counterx2  =$3e
CIA2ToDMinsBCD  =$dd0a; unused
Multiplex_bah  =$b
LISTEN  =$ffb1; unused
UNLSN  =$ffae; unused
Multiplex_jumplo  =$8
ZPSTVariable  =$90; unused
maxBlocks  =$40
Multiplex_MaxSpr  =$5
Multiplex_rasterHeight  =$3
BASICSTART  =$801
CIA2TimerBControl  =$dd0f
sortstart  =$133d; ?
MusicPlayerDataStart  =$4600; unused
CIA1ToDSecsBCD  =$dc09; unused
Multiplex_jumphi  =$9
CIA2TimerAControl  =$dd0e
VECTOR  =$ff8d; unused
CIA1KeyboardRowsJoystickB  =$dc01
Multiplex_maininter  =$d7d; ?
CIA1SerialShift  =$dc0c; unused
ZPRS232BitCounter  =$b4; unused
VIC  =$d000; unused
DefaultLOADRoutine  =$f4a5; unused
CIA1TimerBControl  =$dc0f
ZPRS232BusBuffer  =$a7; unused
Multiplex_yreg  =$4
MEMTOP  =$ff99; unused
CIA1TimerAControl  =$dc0e
xspeed  =$43
Multiplex_ISFP8  =$eb1
ZPStopKeyIndicator  =$91; unused
kMusicPlayer_Glide  =$fe; unused
Multiplex_areg  =$2
Multiplex_ISFP9  =$f1d
KERNALIRQServiceRoutineHi  =$ffff
Multiplex_CollisionCounter  =$680; unused
Multiplex_ISFP6  =$e6f
VIC2SpritePriority  =$d01b
Multiplex_ISFP7  =$e90
Multiplex_ISFP4  =$e2d
siny  =$1c00; ?
SIDVoice1PulseWidthLo  =$d402
Multiplex_ISFP5  =$e4e
CyclesPerSecondPALC64  =$f08a0; unused
sinx  =$1a00; ?
KERNALIRQServiceRoutineLo  =$fffe
VIC2Sprite5X  =$d00a; unused
Multiplex_ISFP2  =$deb
VIC2Sprite7Y  =$d00f; unused
VIC2Sprite5Y  =$d00b; unused
yspeed  =$44
Multiplex_ISFP3  =$e0c
VIC2Sprite7X  =$d00e; unused
VIC2Sprite1X  =$d002; unused
VIC2Sprite3Y  =$d007; unused
ZPDatasetteTiming  =$92; unused
VIC2MemorySetup  =$d018; unused
VIC2Sprite1Y  =$d003; unused
SIDVoice1PulseWidthHi  =$d403
Multiplex_ISFP1  =$dca
VIC2Sprite3X  =$d006; unused
VIC2ExtraBackgroundColour3  =$d024; unused
VIC2Colour_LightGrey  =$f; unused
VIC2ExtraBackgroundColour2  =$d023; unused
Multiplexor_DebugBorder  =$1
CLOSE  =$ffc3; unused
VIC2ExtraBackgroundColour1  =$d022; unused
SaveRoutineHi  =$333; unused
sinxhi  =$1b00; ?
MusicPlayerStop  =$3f06; unused
CIA1KeyboardColumnJoystickA  =$dc00; unused
Multiplex_exitinter  =$1293; ?
ProcessorPortAllRAM  =$20; unused
kMusicPlayer_Volume  =$fc
SaveRoutineLo  =$332; unused
CLALL  =$ffe7; unused
STOP  =$ffe1; unused
Multiplex_ISFP16  =$1250
Multiplex_ISFP15  =$11db
VIC2Colour_Blue  =$6; unused
Multiplex_ISFP14  =$1166
Multiplex_ISFP13  =$10f1
Multiplex_items  =$30
Multiplex_ISFP12  =$107c
Multiplex_ISFP11  =$1007
ZPSerialBusCacheStatus  =$94; unused
Multiplex_ISFP10  =$f92
VIC2MemorySetupDefault  =$15; unused
MultiplexExt_LastIRQ  =$d00
CIA2PortASerialBusVICBank  =$dd00; unused
VIC2ExtraSpriteColour2  =$d026; unused
VIC2ExtraSpriteColour1  =$d025; unused
ZPStartStringVariableLo  =$33; unused
ZPDisplaySystemErrorSwitch  =$9d; unused
SIDVoice3Control  =$d412
BASICROM  =$a000; unused
SIDVoice2Control  =$d40b
Multiplex_spritepointer  =$7f8
ZPStartStringVariableHi  =$34; unused
SIDVoice1Control  =$d404
ZPRS232OutByte  =$9e; unused
ProcessorStack  =$100; unused
Multiplex_SetSpritePointer  =$167c; unused
CIA1ToDMinsBCD  =$dc0a; unused
kMusicPlayer_Duration  =$fa
DefaultNMIServiceRoutine  =$fe47; unused
CIA2  =$dd00; unused
VIC2Colour_Black  =$0
RS232OutputBufferHi  =$fa; unused
DefaultSTOPVector  =$f6ed; unused
ZPSerialBusCache  =$95; unused
VIC2SpriteSpriteCollision  =$d01e; unused
SIDVolumeFilter  =$d418
kMusicPlayer_TransposeBlock  =$80
CIA1  =$dc00; unused
CIA2ToDSecsBCD  =$dd09; unused
Multiplex_indextable  =$d
RS232OutputBufferLo  =$f9; unused
kMusicPlayer_Envelope  =$fb
VIC2SpriteXBorderRight  =$158; unused
VIC2SpriteYBorderTop  =$32; unused
Start  =$c00; ?
VIC2ScreenControlH  =$d016; unused
SIDVoice1AttackDecay  =$d405
TKSA  =$ff96; unused
SIDVoice2SustainRelease  =$d40d
RS232InputBufferHi  =$f8; unused
VIC2ScreenControlV  =$d011
Multiplex_DiscardSpritesYPos  =$ff
ZPPrevKeyPressed  =$c5; unused
CLRSCR  =$e544; unused
VIC2Colour_LightBlue  =$e; unused
SIDVoice3SustainRelease  =$d414
RS232InputBufferLo  =$f7; unused
TALK  =$ffb4; unused
SETTIM  =$ffdb; unused
SETTMO  =$ffa2; unused
VIC2Colour_Grey  =$c; unused
VIC2SpriteSizeY  =$15; unused
VIC2SpriteSizeX  =$18; unused
SIDVoice1SustainRelease  =$d406
LOAD  =$ffd5; unused
VIC2LightPenX  =$d013; unused
VIC2LightPenY  =$d014; unused
VIC2SpriteEnable  =$d015
VIC2SpriteDoubleWidth  =$d01d
BRKServiceRoutineLo  =$316; unused
SIDVoice3WaveformOutput  =$d41b; unused
xdif  =$41
CIA2ToD10thSecsBCD  =$dd08; unused
BRKServiceRoutineHi  =$317; unused
Multiplex_EnableEarlyOut  =$1
CIA1TimerAHi  =$dc05; unused
Multiplex_intNextSpr7  =$1200; unused
MusicPlayerCodeToDataOffset  =$700
kMusicPlayer_EndBlock  =$fd
RAMTAS  =$ff87; unused
VIC2SpriteDoubleHeight  =$d017
CIA1ToD10thSecsBCD  =$dc08; unused
Multiplex_intNextSpr6  =$118b; unused
Multiplex_intNextSpr5  =$1116; unused
CIA2TimerAHi  =$dd05; unused
Multiplex_intNextSpr4  =$10a1; unused
kMusicPlayer_FilterPass  =$f9
CIA1TimerALo  =$dc04; unused
Multiplex_intNextSpr3  =$102c; unused
ZPRS232Parity  =$ab; unused
Multiplex_intNextSpr2  =$fb7; unused
Multiplex_intNextSpr1  =$f42; unused
ZPAddressToLoad  =$ae; unused
SIDVoice2AttackDecay  =$d40c
CIA2TimerALo  =$dd04; unused
Multiplex_intNextSpr0  =$ecd
STOPVectorHi  =$329; unused
KERNALColdStartResetHi  =$fffd; unused
ZPEndBasicLo  =$37; unused
MusicPlayerTrackPos  =$3f09; unused
STOPVectorLo  =$328; unused
KERNALColdStartResetLo  =$fffc; unused
ZPEndBasicHi  =$38; unused
DefaultSaveRoutine  =$f5ed; unused
SPRITEFRAME  =$7f8
CHKOUT  =$ffc9; unused
countDown  =$184e; ?
ZPRS232BusBitCounter  =$a8; unused
SIDFilterCutoffFreqLo  =$d415; unused
CIA1InterruptControl  =$dc0d
NMIRet  =$cab; ?
SIDFilterCutoffFreqHi  =$d416
CIA2InterruptControl  =$dd0d
countery1  =$3f
countery2  =$40
Multiplex_Sortlo  =$17f0; ?
UNTLK  =$ffab; unused
VIC2SpriteMulticolour  =$d01c
ydif  =$42
ZPNumFilesOpen  =$98; unused
Multiplex_Sorthi  =$181f; ?
VIC2Colour_Brown  =$9; unused
VIC2Colour_DarkGrey  =$b; unused
ZPProcessorPortDDR  =$0
VIC2SpriteXBorderLeft  =$18; unused
Multiplex_YPos  =$1700; ?
ZPStartVariableLo  =$2d; unused
PLOT  =$fff0; unused
MusicPlayerPlay  =$3f03; ?
ZPStartVariableHi  =$2e; unused
Multiplex_Sort  =$12f6; ?
VIC2Colour_Cyan  =$3
SIDVoice3AttackDecay  =$d413
COLOURRAM  =$d800; unused
ZPStartArrayVariableLo  =$2f; unused
ZPCurrentStringVariableLo  =$35; unused
LoadRoutineLo  =$330; unused
MACROMultiplex_SortBlockByteLength  =$12; ?
Multiplex_counter  =$7
IOINIT  =$ff84; unused
MEMBOT  =$ff9c; unused
track1  =$4600
ZPStartArrayVariableHi  =$30; unused
Multiplex_Colour  =$1790; ?
ZPCurrentStringVariableHi  =$36; unused
LoadRoutineHi  =$331; unused
track3  =$4800; unused
track2  =$4700; unused
MusicPlayerCodeEnd  =$45e9; unused
CHROUT  =$ffd2; unused
SETMSG  =$ff90; unused
Multiplex_InitSort  =$12c6; ?
Multiplex_VarBase  =$2
VIC2Sprite4X  =$d008; unused
MemoryMappedIOArea1  =$de00; unused
VIC2Sprite6Y  =$d00d; unused
VIC2Sprite4Y  =$d009; unused
VIC2Colour_Orange  =$8; unused
VIC2Sprite6X  =$d00c; unused
DefaultIRQServiceRoutine  =$ea31; unused
VIC2Sprite0X  =$d000
VIC2Sprite2Y  =$d005; unused
VIC2Colour_White  =$1
ZPLoadVerify  =$93; unused
MemoryMappedIOArea2  =$df00; unused
ZPCurrentInputDevice  =$99; unused
VIC2Sprite0Y  =$d001
VIC2Sprite2X  =$d004; unused
v+3=$0
v  =$400000
v  =$600000
v  =$700000
v  =$780000
v  =$7c0000
v  =$7e0000
v  =$7f0000
v  =$7f8000
v  =$7fc000
v  =$7f8000
v  =$7e0000
v  =$7e0000
v  =$660000
v  =$430000
v  =$30000
v  =$18000
v  =$18000
v+3=$c000
v+3=$c000
v+3=$0
v  =$ffffff
v  =$ffffff
v  =$e00007
v  =$e00007
v  =$e00007
v  =$e00007
v  =$e00007
v  =$e00007
v  =$e03807
v  =$e07c07
v  =$e07c07
v  =$e07c07
v  =$e03807
v  =$e00007
v  =$e00007
v  =$e00007
v  =$e00007
v  =$e00007
v  =$e00007
v  =$ffffff
v  =$ffffff
v  =$ffffff
v  =$ffffff
v  =$f0180f
v  =$e81817
v  =$e41827
v  =$e21847
v  =$e11887
v  =$e09907
v  =$e07e07
v  =$e07c07
v  =$ffffff
v  =$e07c07
v  =$e07c07
v  =$e09207
v  =$e11107
v  =$e21087
v  =$e41047
v  =$e81027
v  =$f01017
v  =$ffffff
v  =$ffffff
3  =$c3a
2  =$c7e
notYet  =$c97
skipToSecond  =$d13; ?
fiddle  =$d5b
off1  =$d2d
skipOff1  =$d3a; ?
skipToFourth  =$d49; ?
fiddle2  =$d64; ?
skipToThird  =$d40; ?
notYet  =$d28; ?
over  =$d6a; ?
morethan8  =$da9; ?
switch  =$ec7; ?
jumplo  =$1278; ?
jumphi  =$1281; ?
dospr2  =$e5e; ?
dospr3  =$e3d; ?
dospr0  =$ea0; ?
dospr1  =$e7f; ?
dospr6  =$dda; ?
dospr7  =$db9
dospr4  =$e1c; ?
dospr5  =$dfb; ?
over  =$ec1; ?
activatetab  =$128a; ?
spriteIndex  =$7
Multiplex_LBLISFP1  =$dca
spriteIndex  =$6
Multiplex_LBLISFP1  =$deb
spriteIndex  =$5
Multiplex_LBLISFP1  =$e0c
spriteIndex  =$4
Multiplex_LBLISFP1  =$e2d
spriteIndex  =$3
Multiplex_LBLISFP1  =$e4e
spriteIndex  =$2
Multiplex_LBLISFP1  =$e6f
spriteIndex  =$1
Multiplex_LBLISFP1  =$e90
spriteIndex  =$0
Multiplex_LBLISFP1  =$eb1
next0  =$edd; ?
no0  =$f32; ?
skipSprite  =$f3a; unused
spriteIndex  =$0
intExitInter0  =$f3f; unused
Multiplex_nextSpriteFunction  =$f42; ?
yes0  =$f37; ?
blit0  =$f09; ?
Multiplex_inter0  =$f01; ?
Multiplex_LBLISFP9  =$f1d
next0  =$f52; ?
no0  =$fa7; ?
skipSprite  =$faf; unused
spriteIndex  =$1
intExitInter0  =$fb4; unused
yes0  =$fac; ?
Multiplex_nextSpriteFunction  =$fb7; ?
blit0  =$f7e; ?
Multiplex_inter0  =$f76; ?
Multiplex_LBLISFP9  =$f92
next0  =$fc7; ?
skipSprite  =$1024; unused
no0  =$101c; ?
spriteIndex  =$2
Multiplex_inter0  =$feb; ?
blit0  =$ff3; ?
Multiplex_nextSpriteFunction  =$102c; ?
yes0  =$1021; ?
intExitInter0  =$1029; unused
Multiplex_LBLISFP9  =$1007
next0  =$103c; ?
skipSprite  =$1099; unused
no0  =$1091; ?
spriteIndex  =$3
Multiplex_inter0  =$1060; ?
blit0  =$1068; ?
yes0  =$1096; ?
Multiplex_nextSpriteFunction  =$10a1; ?
intExitInter0  =$109e; unused
Multiplex_LBLISFP9  =$107c
next0  =$10b1; ?
skipSprite  =$110e; unused
no0  =$1106; ?
spriteIndex  =$4
Multiplex_inter0  =$10d5; ?
Multiplex_nextSpriteFunction  =$1116; ?
yes0  =$110b; ?
blit0  =$10dd; ?
intExitInter0  =$1113; unused
Multiplex_LBLISFP9  =$10f1
next0  =$1126; ?
skipSprite  =$1183; unused
no0  =$117b; ?
spriteIndex  =$5
Multiplex_inter0  =$114a; ?
yes0  =$1180; ?
Multiplex_nextSpriteFunction  =$118b; ?
blit0  =$1152; ?
intExitInter0  =$1188; unused
Multiplex_LBLISFP9  =$1166
next0  =$119b; ?
no0  =$11f0; ?
skipSprite  =$11f8; unused
spriteIndex  =$6
blit0  =$11c7; ?
Multiplex_nextSpriteFunction  =$1200; ?
yes0  =$11f5; ?
Multiplex_inter0  =$11bf; ?
intExitInter0  =$11fd; unused
Multiplex_LBLISFP9  =$11db
next0  =$1210; ?
no0  =$1265; ?
skipSprite  =$126d; unused
spriteIndex  =$7
blit0  =$123c; ?
yes0  =$126a; ?
Multiplex_nextSpriteFunction  =$1275; ?
Multiplex_inter0  =$1234; ?
intExitInter0  =$1272; unused
Multiplex_LBLISFP9  =$1250
storeRaster  =$12c2; ?
1  =$12cb
2  =$12db
over  =$12f0; ?
over2  =$134f
over0  =$132d; ?
over1  =$133d; ?
exit  =$132c; ?
back5  =$1387
back4  =$1375
back7  =$13ab
back6  =$1399
back1  =$133f
back0  =$132f
back3  =$1363
back2  =$1351
back9  =$13cf
back8  =$13bd
over47  =$1679; unused
l1  =$131c
l2  =$132a; ?
back19  =$1483
back38  =$15d9
back18  =$1471
back39  =$15eb
back11  =$13f3
back30  =$1549
back10  =$13e1
back31  =$155b
back13  =$1417
back32  =$156d
back12  =$1405
back33  =$157f
back15  =$143b
back34  =$1591
back14  =$1429
back35  =$15a3
back17  =$145f
back36  =$15b5
back16  =$144d
back37  =$15c7
back28  =$1525
back29  =$1537
back20  =$1495
back43  =$1633
back21  =$14a7
back42  =$1621
back22  =$14b9
back41  =$160f
back23  =$14cb
back40  =$15fd
back24  =$14dd
back25  =$14ef
back46  =$1669; unused
back26  =$1501
back45  =$1657
back27  =$1513
back44  =$1645
over2  =$134f; ?
over1  =$133d; unused
back1  =$133f
forward  =$133f
backPos  =$132f
index  =$1
over1  =$134f; unused
over2  =$1361; ?
back1  =$1351
forward  =$1351
backPos  =$133f
index  =$2
over1  =$1361; unused
over2  =$1373; ?
back1  =$1363
forward  =$1363
backPos  =$1351
index  =$3
over2  =$1385; ?
over1  =$1373; unused
back1  =$1375
forward  =$1375
backPos  =$1363
index  =$4
over2  =$1397; ?
over1  =$1385; unused
back1  =$1387
forward  =$1387
backPos  =$1375
index  =$5
over1  =$1397; unused
over2  =$13a9; ?
back1  =$1399
forward  =$1399
backPos  =$1387
index  =$6
over1  =$13a9; unused
over2  =$13bb; ?
back1  =$13ab
forward  =$13ab
backPos  =$1399
index  =$7
over2  =$13cd; ?
over1  =$13bb; unused
back1  =$13bd
forward  =$13bd
backPos  =$13ab
index  =$8
over2  =$13df; ?
over1  =$13cd; unused
back1  =$13cf
forward  =$13cf
backPos  =$13bd
index  =$9
over1  =$13df; unused
over2  =$13f1; ?
back1  =$13e1
forward  =$13e1
backPos  =$13cf
index  =$a
over1  =$13f1; unused
over2  =$1403; ?
back1  =$13f3
forward  =$13f3
backPos  =$13e1
index  =$b
over2  =$1415; ?
over1  =$1403; unused
back1  =$1405
forward  =$1405
backPos  =$13f3
index  =$c
over2  =$1427; ?
over1  =$1415; unused
back1  =$1417
forward  =$1417
backPos  =$1405
index  =$d
over1  =$1427; unused
over2  =$1439; ?
back1  =$1429
forward  =$1429
backPos  =$1417
index  =$e
over1  =$1439; unused
over2  =$144b; ?
back1  =$143b
forward  =$143b
backPos  =$1429
index  =$f
over2  =$145d; ?
over1  =$144b; unused
back1  =$144d
forward  =$144d
backPos  =$143b
index  =$10
over2  =$146f; ?
over1  =$145d; unused
back1  =$145f
forward  =$145f
backPos  =$144d
index  =$11
over1  =$146f; unused
over2  =$1481; ?
back1  =$1471
forward  =$1471
backPos  =$145f
index  =$12
over1  =$1481; unused
over2  =$1493; ?
back1  =$1483
forward  =$1483
backPos  =$1471
index  =$13
over2  =$14a5; ?
over1  =$1493; unused
back1  =$1495
forward  =$1495
backPos  =$1483
index  =$14
over2  =$14b7; ?
over1  =$14a5; unused
back1  =$14a7
forward  =$14a7
backPos  =$1495
index  =$15
over1  =$14b7; unused
over2  =$14c9; ?
back1  =$14b9
forward  =$14b9
backPos  =$14a7
index  =$16
over1  =$14c9; unused
over2  =$14db; ?
back1  =$14cb
forward  =$14cb
backPos  =$14b9
index  =$17
over2  =$14ed; ?
over1  =$14db; unused
back1  =$14dd
forward  =$14dd
backPos  =$14cb
index  =$18
over2  =$14ff; ?
over1  =$14ed; unused
back1  =$14ef
forward  =$14ef
backPos  =$14dd
index  =$19
over1  =$14ff; unused
over2  =$1511; ?
back1  =$1501
forward  =$1501
backPos  =$14ef
index  =$1a
over1  =$1511; unused
over2  =$1523; ?
back1  =$1513
forward  =$1513
backPos  =$1501
index  =$1b
over2  =$1535; ?
over1  =$1523; unused
back1  =$1525
forward  =$1525
backPos  =$1513
index  =$1c
over2  =$1547; ?
over1  =$1535; unused
back1  =$1537
forward  =$1537
backPos  =$1525
index  =$1d
index  =$1e
backPos  =$1537
forward  =$1549
back1  =$1549
over1  =$1547; unused
over2  =$1559; ?
index  =$1f
backPos  =$1549
forward  =$155b
back1  =$155b
over1  =$1559; unused
over2  =$156b; ?
index  =$20
backPos  =$155b
forward  =$156d
back1  =$156d
over2  =$157d; ?
over1  =$156b; unused
index  =$21
backPos  =$156d
forward  =$157f
back1  =$157f
over2  =$158f; ?
over1  =$157d; unused
index  =$22
backPos  =$157f
forward  =$1591
back1  =$1591
over1  =$158f; unused
over2  =$15a1; ?
index  =$23
backPos  =$1591
forward  =$15a3
back1  =$15a3
over1  =$15a1; unused
over2  =$15b3; ?
index  =$24
backPos  =$15a3
forward  =$15b5
back1  =$15b5
over2  =$15c5; ?
over1  =$15b3; unused
index  =$25
backPos  =$15b5
forward  =$15c7
back1  =$15c7
over2  =$15d7; ?
over1  =$15c5; unused
index  =$26
backPos  =$15c7
forward  =$15d9
back1  =$15d9
over1  =$15d7; unused
over2  =$15e9; ?
index  =$27
backPos  =$15d9
forward  =$15eb
back1  =$15eb
over1  =$15e9; unused
over2  =$15fb; ?
index  =$28
backPos  =$15eb
forward  =$15fd
back1  =$15fd
over2  =$160d; ?
over1  =$15fb; unused
index  =$29
backPos  =$15fd
forward  =$160f
back1  =$160f
over2  =$161f; ?
over1  =$160d; unused
index  =$2a
backPos  =$160f
forward  =$1621
back1  =$1621
over1  =$161f; unused
over2  =$1631; ?
index  =$2b
backPos  =$1621
forward  =$1633
back1  =$1633
over1  =$1631; unused
over2  =$1643; ?
index  =$2c
backPos  =$1633
forward  =$1645
back1  =$1645
over2  =$1655; ?
over1  =$1643; unused
index  =$2d
backPos  =$1645
forward  =$1657
back1  =$1657
over2  =$1667; ?
over1  =$1655; unused
index  =$2e
backPos  =$1657
forward  =$1669; unused
back1  =$1669
over1  =$1667; unused
over2  =$1679; ?
1  =$1856
exit  =$18b1; ?
smpreviousStack1  =$193c; ?
smpreviousStack2  =$193f; ?
initNMI  =$194a; ?
initIRQ  =$1943; ?
w1  =$1924
stopplay  =$41f0; ?
fxfv  =$3f3f
pcnt  =$3f63
tmpx  =$406a
fmbit  =$4461; ?
loop  =$42a0; ?
hinote  =$4009
rightplace  =$40e4; ?
down  =$44e8; ?
s8  =$40db; ?
wvf  =$3f7a
skipLargeWibbleInit  =$43e5; ?
largeWibbleEnable  =$3f4b
s6  =$40c3; ?
pwhi  =$3f15
s7  =$40c5
nthi  =$3f2d
s4  =$40a8; ?
s5  =$40aa
s2  =$407a
pwlo  =$3f1e
s3  =$408f
ntlo  =$3f2a
blcn  =$3f30
s1  =$4072
processFirstFrame  =$3f73
tomtombit  =$4563; ?
nochanget  =$45a3; ?
noteoff  =$414b; unused
glti  =$3f21
handleFiltControl  =$426a
drumbit  =$43e8; ?
glno  =$3f24
doubleNoteDurationLo  =$3f33
start  =$406b; ?
gltf  =$3f60
realNotePlayRet  =$4129
block  =$4292; ?
noteplayBuffered  =$42c6; ?
trkp  =$3f6c
skiplot  =$4360; unused
p2Skip  =$4129; ?
ltnt  =$3f5a
makeVoiceRelease  =$41e4; ?
nextNotePlay  =$3f6f
origalNoteDuration  =$3f69
bass  =$442c; ?
lonote  =$3fa9
endfm  =$4453
play  =$410a; ?
endtrack  =$4220; ?
glidesub  =$451d
sn1  =$4412; ?
sn2  =$4439; ?
realNotePlay  =$431f; ?
nodrumsound  =$4136; ?
smallWibTab  =$4456
loopplay  =$4205
hin  =$3f74
uppordop  =$45da; ?
playflag  =$3f72
trcn  =$3f09
tran  =$3f27
up  =$44b3
pdel  =$3f66
repeatbl  =$4214
track2  =$4700
sn1tz  =$456f; ?
track3  =$4800
track1  =$4600
wibt  =$3f48
lnotThisFrame  =$40f7
dopzz  =$45c8
uppz  =$45c4; ?
glident  =$4534; ?
snare  =$4405; ?
handleseqRet  =$41ec
endblock  =$4307; ?
durchnge  =$42e2; ?
noteoff4  =$41d3; ?
wibf  =$3f5d
finded1  =$40a2; ?
finded2  =$40bd; ?
noteoff2  =$4175; ?
finded3  =$40d5; ?
noteoff3  =$41a4; ?
gldz1  =$42f5; ?
core  =$3f12
nopdel1  =$4381; ?
tt1  =$4572; unused
tt2  =$4574; unused
hint  =$3f96
glidentd  =$42ec; ?
sn1t  =$457c; ?
smallwib  =$4468; unused
retfind3  =$40cc
pntone2  =$4500; ?
lasn  =$3f36
retfind2  =$40b1
uppzz  =$45b2
hinb  =$3f80
bitend  =$3f74
noend  =$4341; ?
retfind1  =$4096
pntone1  =$44cb; ?
envdata  =$4900
handleVolume  =$4283
noType  =$439d; ?
p2  =$411c
sndchnge  =$42d5; ?
p1  =$41ec; ?
oskiplot  =$436c; ?
nowrap  =$4550; ?
notThisFrame  =$41d3; ?
handleFiltLo  =$4260
noglide  =$4560; ?
wvft  =$3f9f
pwhit  =$3f1b
handleFiltHi  =$4256
tomtom  =$43fd; ?
endpulse  =$45d7; ?
envDataP4_2  =$3f51
envDataP4_1  =$3f4e
pwhic  =$3f18
largerWibble  =$449e; ?
wvfb  =$3f8b
volu  =$4069
hsi1  =$423b; ?
noreset  =$448a; ?
voft  =$422e; ?
nodrumsound2  =$43b1; ?
vols  =$3f42
glidesub2  =$4524; unused
retr  =$3f3c
downwib  =$4481; ?
p2ch  =$41d5
sm1  =$423e; ?
lst1  =$3f39
transpose  =$41fa
checkVoiceRetrigger  =$40fd
handleFiltPass  =$4274
handleseq  =$4231; ?
gsret  =$4139
hiblock  =$4a40
notNeg  =$4545; ?
endwib  =$4498; ?
p1zcz  =$413e; ?
yep1  =$4099
yep3  =$40cf
yep2  =$40b4
endplay  =$40f6
nextstep  =$4314; ?
envDataP5_2  =$3f57
envDataP5_1  =$3f54
drumFlag  =$3f45
atde  =$3f0c
loblock  =$4a00
sure  =$3f0f
bitstart  =$3f09
pulse  =$45a9; ?
lstTrPos  =$41f9
