l6  =$c9f
RNXPCompressionDecompress_WriteByte  =$e97; ?
ZPRS232StopBitSwitch  =$a9; unused
VIC2SpriteBackgroundCollision  =$d01f; unused
READST  =$ffb7; unused
ZPStartBasicLo  =$2b; unused
ZPCurrentOutputDevice  =$9a; unused
l5  =$c99
l2  =$c6b
CHKIN  =$ffc6; unused
RNXPCompressionDecompress_InitStore  =$cdd; ?
l3  =$c71
ZPDatasetteEndOfTape  =$96; unused
ZPStartBasicHi  =$2c; unused
CIA1TimerBHi  =$dc07; unused
VIC2Colour_Yellow  =$7; unused
CIA2TimerBHi  =$dd07; unused
FlagUpperLowerCaseChange  =$291
CIA1TimerBLo  =$dc06; unused
VIC2ScreenControlVDefault  =$1b; unused
VIC2InteruptStatus  =$d019
VIC2BorderColour  =$d020
CIA2TimerBLo  =$dd06; unused
ACPTR  =$ffa5; unused
CIA2SerialShift  =$dd0c; unused
binc1  =$a92; ?
OPEN  =$ffc0; unused
SIDFilterControl  =$d417
binc2  =$a98; ?
RNXPCompressionDecompress  =$cf6; ?
clrscreen  =$b52; ?
ZPRS232ByteBuffer  =$aa; unused
VIC2Colour_Purple  =$4; unused
SECOND  =$ff93; unused
ZPTapeTimingConstant  = ?; unused
SIDPaddleY  =$d41a; unused
bex1  =$9e7
ZPCurrentKeyPressed  =$cb; unused
KERNALROM  =$e000; unused
SIDPaddleX  =$d419; unused
IRQServiceRoutineLo  =$314
VIC2Raster  =$d012
VIC2SpriteXMSB  =$d010; unused
CompressionStartOfHistoryBufferTables  =$eaf; ?
kMusicPlayer_RepeatBlock  =$40
checkend  =$b2d; ?
kMusicPlayer_LoopTrack  =$ff; unused
COLORRAM  =$d800; unused
IRQServiceRoutineHi  =$315
VIC2Colour_LightGreen  =$d; unused
UDTIM  =$ffea; unused
VIC2SpriteYBorderBottom  =$fa
CIA2PortBRS232  =$dd01; unused
ZPEndArrayVariableLo  =$31; unused
GETIN  =$ffe4
SIDVoice1FreqHi  =$d401
ZPAddressToSave  =$ac; unused
ZPEndArrayVariableHi  =$32; unused
SETLFS  =$ffba; unused
SIDVoice1FreqLo  =$d400
CIA2PortADDR  =$dd02; unused
CIA1ToDHoursBCD  =$dc0b; unused
KERNALNMIServiceRoutineLo  =$fffa
SIDVoice2FreqLo  =$d407
CIA1PortADDR  =$dc02; unused
SIDVoice3FreqHi  =$d40f
CLRCHN  =$ffcc; unused
KERNALNMIServiceRoutineHi  =$fffb
chrretscr  =$ae6; ?
ZPDatasetteParity  =$9b; unused
SIDVoice2FreqHi  =$d408
SIDVoice3FreqLo  =$d40e
ProcessorPortDefault  =$37
ZPChrGet  =$73; unused
CIOUT  =$ffa8; unused
VIC2ScreenControlHDefault  =$c8; unused
InitialiseMachine  =$95d; ?
currentScreen  =$95c; ?
ZPCurrentFileDeviceNumber  =$ba; unused
SID  =$d400
kMusicPlayer_StopTrack  =$fd
MusicPlayerStart  =$3000
irq1  =$c66; ?
ZPDatasetteBufferOffset  =$a6; unused
SETNAM  =$ffbd; unused
irq2  =$c94; ?
VIC2Colour_Green  =$5; unused
VIC2Colour_LightRed  =$a; unused
HEADERex  =$f76a; unused
BASICEntry  =$900
MusicPlayerInit  =$3000; ?
SIDVoice3ADSROutput  =$d41c; unused
ZPEOISerialBusSwitch  =$a3; unused
CHRIN  =$ffcf; unused
VIC2Sprite1Colour  =$d028; unused
ZPProcessorPort  =$1
ZPDatasetteBufferHo  =$b3; unused
kMusicPlayer_StopAllTracks  =$fe
ProcessorPortDDRDefault  =$2f
ZPTimeOfDay  =$a0; unused
ZPDatasetteBufferLo  =$b2; unused
VIC2Sprite0Colour  =$d027; unused
ZPSerialBusBitCounter  =$a5; unused
CIA2PortBDDR  =$dd03; unused
ProcessorPortAllRAMWithIO  =$25
NMIServiceRoutineHi  =$319
CIA2ToDHoursBCD  =$dd0b; unused
CINT  =$ff81
ZPDatasetteNameWriteCount  =$9f; unused
IOBASE  =$fff3; unused
colchange2  =$add; ?
VIC2Sprite3Colour  =$d02a; unused
CIA1PortBDDR  =$dc03; unused
SIDVoice2PulseWidthLo  =$d409
ZPRS232XYTemp  =$97; unused
RESTOR  =$ff8a; unused
VIC2InteruptControl  =$d01a
VIC2Colour_Red  =$2; unused
ZPDatasetteByteReady  =$9c; unused
NMIServiceRoutineLo  =$318
ZPSerialBusBuffer  =$a4; unused
SCNKEY  =$ff9f
VIC2Sprite2Colour  =$d029; unused
SIDVoice2PulseWidthHi  =$d40a
ZPRS232BitBuffer  =$b5; unused
MinimalIRQServiceRoutine  =$ea81; unused
cs1  =$b57
RDTIM  =$ffde; unused
SCREENRAM  =$400; unused
VIC2Sprite5Colour  =$d02c; unused
cs2  =$b76
SAVE  =$ffd8; unused
VIC2Sprite4Colour  =$d02b; unused
RNXPCompressionDecompress_GetByteAddr  =$401
SCREEN  =$ffed; unused
ZPKeyBufferLength  =$c6; unused
setint  =$c30; ?
VIC2Sprite7Colour  =$d02e; unused
SIDVoice3PulseWidthLo  =$d410
VIC2ScreenColour  =$d021
VIC2Sprite6Colour  =$d02d; unused
SIDVoice3PulseWidthHi  =$d411
CIA2ToDMinsBCD  =$dd0a; unused
LISTEN  =$ffb1; unused
UNLSN  =$ffae; unused
ZPSTVariable  =$90; unused
maxBlocks  =$40
BASICSTART  =$801
CIA2TimerBControl  =$dd0f
MusicPlayerDataStart  =$3700
CIA1ToDSecsBCD  =$dc09; unused
CIA2TimerAControl  =$dd0e
VECTOR  =$ff8d; unused
CIA1KeyboardRowsJoystickB  =$dc01; unused
CIA1SerialShift  =$dc0c; unused
ZPRS232BitCounter  =$b4; unused
RNXPCompressionDecompress_WriteByteAddr  =$400
VIC  =$d000; unused
DefaultLOADRoutine  =$f4a5; unused
CIA1TimerBControl  =$dc0f
ZPRS232BusBuffer  =$a7; unused
MEMTOP  =$ff99; unused
CIA1TimerAControl  =$dc0e
ZPStopKeyIndicator  =$91; unused
kMusicPlayer_Glide  =$fe; unused
KERNALIRQServiceRoutineHi  =$ffff
VIC2SpritePriority  =$d01b; unused
SIDVoice1PulseWidthLo  =$d402
CyclesPerSecondPALC64  =$f08a0; unused
KERNALIRQServiceRoutineLo  =$fffe
VIC2Sprite5X  =$d00a; unused
VIC2Sprite7Y  =$d00f; unused
VIC2Sprite5Y  =$d00b; unused
VIC2Sprite7X  =$d00e; unused
VIC2Sprite1X  =$d002; unused
VIC2Sprite3Y  =$d007; unused
ZPDatasetteTiming  =$92; unused
VIC2MemorySetup  =$d018
VIC2Sprite1Y  =$d003; unused
SIDVoice1PulseWidthHi  =$d403
VIC2Sprite3X  =$d006; unused
VIC2ExtraBackgroundColour3  =$d024; unused
VIC2Colour_LightGrey  =$f; unused
i4  =$c96
VIC2ExtraBackgroundColour2  =$d023; unused
CLOSE  =$ffc3; unused
VIC2ExtraBackgroundColour1  =$d022; unused
retrevescr  =$b00; ?
SaveRoutineHi  =$333; unused
MusicPlayerStop  =$3006; unused
RNXPCompressionDecompress_GetDictEntryAndWrite  =$e8c; ?
CIA1KeyboardColumnJoystickA  =$dc00; unused
i1  =$c68
ProcessorPortAllRAM  =$20
kMusicPlayer_Volume  =$fc; unused
SaveRoutineLo  =$332; unused
CLALL  =$ffe7; unused
STOP  =$ffe1; unused
VIC2Colour_Blue  =$6; unused
ZPSerialBusCacheStatus  =$94; unused
VIC2MemorySetupDefault  =$15; unused
CIA2PortASerialBusVICBank  =$dd00; unused
RNXPCompressionDecompress_GetByte  =$ea3; ?
VIC2ExtraSpriteColour2  =$d026; unused
tmpy  =$a99
VIC2ExtraSpriteColour1  =$d025; unused
yflag  =$aff; ?
mc1z  =$acb; ?
ZPStartStringVariableLo  =$33; unused
ZPDisplaySystemErrorSwitch  =$9d; unused
SIDVoice3Control  =$d412
BASICROM  =$a000; unused
SIDVoice2Control  =$d40b
ZPStartStringVariableHi  =$34; unused
SIDVoice1Control  =$d404
si10  =$b3e; ?
si11  =$b4f; ?
ZPRS232OutByte  =$9e; unused
ProcessorStack  =$100; unused
CIA1ToDMinsBCD  =$dc0a; unused
kMusicPlayer_Duration  =$fa
DefaultNMIServiceRoutine  =$fe47; unused
CIA2  =$dd00; unused
VIC2Colour_Black  =$0; unused
RS232OutputBufferHi  =$fa; unused
DefaultSTOPVector  =$f6ed; unused
ZPSerialBusCache  =$95; unused
VIC2SpriteSpriteCollision  =$d01e; unused
SIDVolumeFilter  =$d418
deltab1  =$c00
kMusicPlayer_TransposeBlock  =$80
CIA1  =$dc00; unused
tmphi  =$a9c
CIA2ToDSecsBCD  =$dd09; unused
RS232OutputBufferLo  =$f9; unused
kMusicPlayer_Envelope  =$fb
VIC2SpriteXBorderRight  =$158; unused
VIC2SpriteYBorderTop  =$32; unused
VIC2ScreenControlH  =$d016; unused
SIDVoice1AttackDecay  =$d405
tmplo  =$a9d
TKSA  =$ff96; unused
SIDVoice2SustainRelease  =$d40d
RS232InputBufferHi  =$f8; unused
VIC2ScreenControlV  =$d011
ZPPrevKeyPressed  =$c5; unused
CLRSCR  =$e544; unused
VIC2Colour_LightBlue  =$e; unused
SIDVoice3SustainRelease  =$d414
RS232InputBufferLo  =$f7; unused
TALK  =$ffb4; unused
SETTIM  =$ffdb; unused
SETTMO  =$ffa2; unused
VIC2Colour_Grey  =$c; unused
VIC2SpriteSizeY  =$15; unused
VIC2SpriteSizeX  =$18; unused
makescr  =$a9e; ?
SIDVoice1SustainRelease  =$d406
copyscreen  =$b74; ?
LOAD  =$ffd5; unused
VIC2LightPenX  =$d013; unused
VIC2LightPenY  =$d014; unused
VIC2SpriteEnable  =$d015
VIC2SpriteDoubleWidth  =$d01d; unused
BRKServiceRoutineLo  =$316; unused
SIDVoice3WaveformOutput  =$d41b; unused
CIA2ToD10thSecsBCD  =$dd08; unused
BRKServiceRoutineHi  =$317; unused
CIA1TimerAHi  =$dc05; unused
bitexpand  =$9e1
RNXPCompressionDecompress_SecondPart  =$dd4; unused
MusicPlayerCodeToDataOffset  =$700
kMusicPlayer_EndBlock  =$fd
RAMTAS  =$ff87; unused
VIC2SpriteDoubleHeight  =$d017; unused
CIA1ToD10thSecsBCD  =$dc08; unused
CIA2TimerAHi  =$dd05; unused
CIA1TimerALo  =$dc04; unused
ZPRS232Parity  =$ab; unused
ZPAddressToLoad  =$ae; unused
SIDVoice2AttackDecay  =$d40c
CIA2TimerALo  =$dd04; unused
STOPVectorHi  =$329; unused
KERNALColdStartResetHi  =$fffd; unused
ZPEndBasicLo  =$37; unused
MusicPlayerTrackPos  =$300b; unused
STOPVectorLo  =$328; unused
KERNALColdStartResetLo  =$fffc; unused
ZPEndBasicHi  =$38; unused
DefaultSaveRoutine  =$f5ed; unused
mc2  =$af9; ?
mc3  =$af6; ?
SPRITEFRAME  =$7f8; unused
CHKOUT  =$ffc9; unused
ZPRS232BusBitCounter  =$a8; unused
SIDFilterCutoffFreqLo  =$d415
mc1  =$ac6; unused
CIA1InterruptControl  =$dc0d
mc4  =$ad3
SIDFilterCutoffFreqHi  =$d416
CIA2InterruptControl  =$dd0d
UNTLK  =$ffab; unused
VIC2SpriteMulticolour  =$d01c; unused
ZPNumFilesOpen  =$98; unused
coltab2  =$c20
coltab1  =$c10
VIC2Colour_Brown  =$9; unused
VIC2Colour_DarkGrey  =$b; unused
ZPProcessorPortDDR  =$0
VIC2SpriteXBorderLeft  =$18; unused
tempa  =$9e0
ZPStartVariableLo  =$2d; unused
PLOT  =$fff0; unused
MusicPlayerPlay  =$3003; ?
HelpScreens  =$40c0; ?
ZPStartVariableHi  =$2e; unused
VIC2Colour_Cyan  =$3; unused
SIDVoice3AttackDecay  =$d413
COLOURRAM  =$d800; unused
colchange  =$ad7; ?
ZPStartArrayVariableLo  =$2f; unused
ZPCurrentStringVariableLo  =$35; unused
LoadRoutineLo  =$330; unused
IOINIT  =$ff84; unused
MEMBOT  =$ff9c; unused
ZPStartArrayVariableHi  =$30; unused
ZPCurrentStringVariableHi  =$36; unused
LoadRoutineHi  =$331; unused
MusicPlayerCodeEnd  =$36c6; unused
CHROUT  =$ffd2; unused
SETMSG  =$ff90; unused
VIC2Sprite4X  =$d008; unused
MemoryMappedIOArea1  =$de00; unused
VIC2Sprite6Y  =$d00d; unused
VIC2Sprite4Y  =$d009; unused
VIC2Colour_Orange  =$8; unused
VIC2Sprite6X  =$d00c; unused
DefaultIRQServiceRoutine  =$ea31; unused
VIC2Sprite0X  =$d000; unused
VIC2Sprite2Y  =$d005; unused
VIC2Colour_White  =$1; unused
ZPLoadVerify  =$93; unused
MemoryMappedIOArea2  =$df00; unused
ZPCurrentInputDevice  =$99; unused
VIC2Sprite0Y  =$d001; unused
VIC2Sprite2X  =$d004; unused
l2  =$933
l1  =$92d
prev  =$951; ?
cp1  =$907
next  =$944; ?
smpreviousStack1  =$9d1; ?
smpreviousStack2  =$9d4; ?
initNMI  =$9df; ?
initIRQ  =$9d8; ?
w1  =$9b9
l1  =$d31; ?
numEscapeBits  =$4
smTheEscape  =$d3e; ?
d9  =$e7b; ?
d8  =$e75
afterThresholdCheck  =$e50; ?
notGotBitsC  =$cee; ?
workLen  =$fd
noEscapeBits1  =$d42; ?
lastWorkOffset  =$2
getoneMoreBit  =$e04; ?
justLenDec  =$dd0; ?
GetNextBitIntoCarry  =$ce4
workOffset  =$fb
smRemainingBitCounts  =$d5f; ?
ge1  =$d28
getRemainingLiteralBits  =$d5f; ?
ge2  =$d52
gnb1  =$df5
grb1  =$e0a; ?
gesc1  =$db9
justGetByte  =$d6e; ?
e1  =$ea2; ?
doLengthCheck  =$dd4; ?
e3  =$e97; ?
e2  =$eae; ?
historyBufferLenL  =$eaf; ?
historyBufferLenH  =$ebf; ?
processMatchBlock  =$d77; ?
noChangingEscape  =$d5b; ?
potentialLiteral  =$8; unused
d10  =$e7f
d11  =$e89; ?
alreadyGotOffset  =$e36; ?
changingEscape  =$5
historyBufferOffsetL  =$ecf; ?
historyIndex  =$9
processHistoryMatch  =$db5; ?
historyBufferOffsetH  =$edf; ?
updateHistoryBuffer  =$e1a; ?
getRemainingBits  =$e08; ?
iw1  =$e1a; ?
tempLoopVal  =$ff; unused
gotVeryLongLength  =$dae
gpl1  =$d37
iwl1  =$dcd; ?
gpl2  =$d61
doIt1  =$e4a; ?
chm1  =$d8f
doIt2  =$e46; ?
skipToElse  =$deb; ?
p1  =$3301; ?
oskiplot  =$3436; ?
sndchnge  =$339a; ?
p2  =$322b
noType  =$3467; ?
envdata  =$3a00
noend  =$340b; ?
bitend  =$3077
retfind1  =$31a5
pntone1  =$35a8; ?
retfind3  =$31db
pntone2  =$35dd; ?
retfind2  =$31c0
uppzz  =$368f
lasn  =$3038
hinb  =$3083
sn1t  =$3659; ?
smallwib  =$3545; unused
glidentd  =$33b1; ?
tt2  =$3651; unused
hint  =$3099
nopdel1  =$344b; ?
tt1  =$364f; unused
notChanged  =$34c2; ?
largerWibble  =$357b; ?
wvfb  =$308e
pwhic  =$301a
envDataP4_1  =$3050
envDataP4_2  =$3053
tomtom  =$34da; ?
endpulse  =$36b4; ?
pwhit  =$301d
noglide  =$363d; ?
wvft  =$30a2
notThisFrame  =$32e8; ?
nowrap  =$362d; ?
endwib  =$3575; ?
notNeg  =$3622; ?
hiblock  =$3b40
gsret  =$3248
handleseq  =$3346; ?
transpose  =$330f
checkVoiceRetrigger  =$320c
p2ch  =$32ea
trigvold  =$33cc; unused
downwib  =$355e; ?
sm1  =$3353; ?
lst1  =$303b
retr  =$303e
glidesub2  =$3601; unused
nodrumsound2  =$3480; ?
vols  =$3044
noreset  =$3567; ?
voft  =$3343; ?
hsi1  =$3350; ?
volu  =$316c
lstTrPos  =$330e
sure  =$3011
bitstart  =$300b
pulse  =$3686; ?
loblock  =$3b00
atde  =$300e
envDataP5_1  =$3056
drumFlag  =$3047
envDataP5_2  =$3059
yep3  =$31de
yep2  =$31c3
endplay  =$3205
nextstep  =$33de; ?
yep1  =$31a8
p1zcz  =$324d; ?
novolch2  =$3475; ?
filters  =$3009
ntlo  =$302c
blcn  =$3032
s1  =$3181
s2  =$3189
pwlo  =$3020
s3  =$319e
nthi  =$302f
s4  =$31b7; ?
s5  =$31b9
largeWibbleEnable  =$304d
s6  =$31d2; ?
pwhi  =$3017
s7  =$31d4
s8  =$31ea; ?
wvf  =$307d
skipLargeWibbleInit  =$34b4; ?
down  =$35c5; ?
rightplace  =$31f3; ?
hinote  =$310c
loop  =$3379
fmbit  =$353e; ?
tmpx  =$316d
pcnt  =$3065
stopplay  =$3305; ?
fxfv  =$3041
gltf  =$3062
realNotePlayRet  =$3238
block  =$336b; ?
noteplayBuffered  =$338b; ?
doubleNoteDurationLo  =$3035
start  =$316e; ?
glno  =$3026
drumbit  =$34c5; ?
glti  =$3023
noteoff  =$325a; unused
nochanget  =$3680; ?
tomtombit  =$3640; ?
processFirstFrame  =$3076
pdel  =$3068
repeatbl  =$3329
resf  =$3074
up  =$3590
playflag  =$3075
trcn  =$300b
tran  =$3029
uppordop  =$36b7; ?
hin  =$3077
loopplay  =$331a
smallWibTab  =$3533
realNotePlay  =$33e9; ?
nodrumsound  =$3245; ?
sn2  =$3516; ?
endtrack  =$3335; ?
glidesub  =$35fa
sn1  =$34ef; ?
lonote  =$30ac
play  =$3219; ?
endfm  =$3530
origalNoteDuration  =$306b
bass  =$3509; ?
nextNotePlay  =$3071
ltnt  =$305c
makeVoiceRelease  =$32f9; ?
p2Skip  =$3238; ?
trkp  =$306e
skiplot  =$342a; unused
core  =$3014
gldz1  =$33ba; ?
finded2  =$31cc; ?
noteoff2  =$3284; ?
finded3  =$31e4; ?
noteoff3  =$32b3; ?
wibf  =$305f
finded1  =$31b1; ?
noteoff4  =$32e2; ?
durchnge  =$33a7; ?
handleseqRet  =$3301
endblock  =$33d1; ?
snare  =$34e2; ?
glident  =$3611; ?
wibt  =$304a
lnotThisFrame  =$3206
uppz  =$36a1; ?
dopzz  =$36a5
track1  =$3700
track2  =$3800
sn1tz  =$364c; ?
track3  =$3900
