SampleStartLoTab  =$1f58; ?
kMusicPlayer_FilterHi  =$f6
ZPRS232StopBitSwitch  =$a9; unused
Sample_Destroy  =$444c; ?
Multiplex_maininterEx  =$205c; unused
VIC2SpriteBackgroundCollision  =$d01f
tempWork8  =$13; unused
Multiplex_CollisionHistory  =$418e; ?
READST  =$ffb7
SampleEnd_Coins  =$7884; ?
ZPStartBasicLo  =$2b; unused
ZPCurrentOutputDevice  =$9a; unused
Animation_RobotWalkDirY  =$4277; ?
Multiplex_StartTopInterrupt  =$2727; unused
kMusicPlayer_FilterLo  =$f7
CHKIN  =$ffc6; unused
Animation_RobotWalkDirX  =$425f; ?
ZPDatasetteEndOfTape  =$96; unused
ZPStartBasicHi  =$2c; unused
xTabStarts  =$334a; ?
CIA1TimerBHi  =$dc07; unused
tempWork1  =$c
AnimationType_RobotDeath  =$4
tempWork0  =$b
HandleGameObjects  =$ee6; unused
tempWork3  =$e
VIC2Colour_Yellow  =$7
CIA2TimerBHi  =$dd07; unused
AnimationOtto_AppearSecs  =$4357; ?
tempWork2  =$d
FlagUpperLowerCaseChange  =$291; unused
CIA1TimerBLo  =$dc06; unused
VIC2ScreenControlVDefault  =$1b; unused
SFXLimitVoice3  =$1
tempWork5  =$10
tempWork4  =$f
tempWork7  =$12; unused
ExitRoomSpeechTest  =$17cc; ?
VIC2InteruptStatus  =$d019
VIC2BorderColour  =$d020
CIA2TimerBLo  =$dd06; unused
tempWork6  =$11; unused
SweepRoomYPos  =$33e4
ACPTR  =$ffa5; unused
CIA2SerialShift  =$dd0c; unused
SampleEndHiTab  =$1f70; ?
AnimationPlayer_Lives  =$431f; ?
OPEN  =$ffc0; unused
SIDFilterControl  =$d417
mainRoutineZP  =$2
ZPRS232ByteBuffer  =$aa; unused
VIC2Colour_Purple  =$4
SampleEnd_Fight  =$856d; ?
SECOND  =$ff93
CurrentRoom  =$15dd; ?
Initials  =$ff86; ?
ZPTapeTimingConstant  = ?; unused
SIDPaddleY  =$d41a; unused
SampleEnd_Charge  =$f612; ?
ZPCurrentKeyPressed  =$cb; unused
KERNALROM  =$e000; unused
SIDPaddleX  =$d419; unused
IRQServiceRoutineLo  =$314
VIC2Raster  =$d012
VIC2SpriteXMSB  =$d010
kMusicPlayer_RepeatBlock  =$40
AnimationOtto_AppearFrames  =$4358; ?
SampleEnd_A  =$fb29; ?
kMusicPlayer_LoopTrack  =$ff; unused
COLORRAM  =$d800; unused
InitialRobotsActiveStrings  =$194b; ?
IRQServiceRoutineHi  =$315
VIC2Colour_LightGreen  =$d
UDTIM  =$ffea; unused
VIC2SpriteYBorderBottom  =$fa
CIA2PortBRS232  =$dd01; unused
AnimationToScreenOffset  =$1cbe; ?
SFXPlay  =$2e2f; ?
ZPEndArrayVariableLo  =$31; unused
GETIN  =$ffe4; unused
SIDVoice1FreqHi  =$d401
IRQDisk_SetPulseSpeed  =$3dcc; ?
TurnOffScreenWithBlank  =$1fc5; ?
ZPAddressToSave  =$ac; unused
SFXVoiceWorkSize  =$d
ZPEndArrayVariableHi  =$32; unused
SETLFS  =$ffba; unused
SIDVoice1FreqLo  =$d400
Sample_Detected  =$7884; ?
nmiAStore  =$5; unused
CIA2PortADDR  =$dd02; unused
RobotSpeed  =$1; ?
CIA1ToDHoursBCD  =$dc0b; unused
KERNALNMIServiceRoutineLo  =$fffa
Multiplex_BottomTriggered  =$1e
Multiplex_CollisionIndexes  =$410e; ?
RobotMaxBullets  =$17c4; ?
SIDVoice2FreqLo  =$d407
CIA1PortADDR  =$dc02; unused
SIDVoice3FreqHi  =$d40f
Multiplex_BunchingCheck  =$1
AnimationRobot_MoveRight  =$42d9; ?
PreviousThousandsScore  =$17c6; ?
UpdateDriveLightFlash  =$1ce2; ?
CLRCHN  =$ffcc; unused
KERNALNMIServiceRoutineHi  =$fffb
ZPDatasetteParity  =$9b; unused
SIDVoice2FreqHi  =$d408
MessageAccessingDiskEnd  =$3acd; ?
AnimationOtto_AppearFramesCount  =$435a; ?
SIDVoice3FreqLo  =$d40e
ProcessorPortDefault  =$37
ZPChrGet  =$73; unused
TemporaryBufferSpace  =$c400; ?
CIOUT  =$ffa8
VIC2ScreenControlHDefault  =$c8; unused
LoadedOK  =$bbe; ?
InitialiseMachine  =$1fd3; ?
SamplePlaySequence  =$1f99; ?
ZPCurrentFileDeviceNumber  =$ba
kMusicPlayer_FilterControl  =$f8
Multiplex_SpriteFrame  =$2cc0; ?
SID  =$d400
kMusicPlayer_StopTrack  =$fd
CalculateScoreChecksum  =$3b03; ?
Mainline  =$3b4d; ?
MusicPlayerStart  =$b000
AnimationPlayer_StandRight  =$6d; ?
ZPDatasetteBufferOffset  =$a6; unused
SETNAM  =$ffbd; unused
Multiplex_endVars  =$37; unused
Multiplex_IRQServiceRoutineHi  =$ffff
Multiplex_XPosLo  =$2c30; ?
VIC2Colour_Green  =$5
VIC2Colour_LightRed  =$a
AnimationType_Otto  =$2
GameLogic  =$c79
HEADERex  =$f76a; unused
Animation_Type  =$4217; ?
Multiplex_IRQServiceRoutineLo  =$fffe
Multiplex_XPosHi  =$2c60; ?
endMainRoutineZP  =$14
DrawScore  =$348e; ?
InitIRQs  =$1dfe; ?
MusicPlayerInit  =$b000; ?
SFXVoiceFreqLo  =$2d21
Rand  =$3457; ?
SIDVoice3ADSROutput  =$d41c; unused
mainXStore  =$9; unused
ZPEOISerialBusSwitch  =$a3; unused
CHRIN  =$ffcf; unused
VIC2Sprite1Colour  =$d028; unused
ClearMainScreen  =$3b2b; ?
ZPProcessorPort  =$1
ZPDatasetteBufferHo  =$b3; unused
kMusicPlayer_StopAllTracks  =$fe
InitGame  =$be1
SFXVoiceFreqHi  =$2d22
ProcessorPortDDRDefault  =$2f
ZPTimeOfDay  =$a0; unused
ZPDatasetteBufferLo  =$b2; unused
Multiplex_spriteHeightTweak  =$17
SampleEnd_Humanoid  =$55d8; ?
VIC2Sprite0Colour  =$d027
AnimationPlayer_Death  =$4330; ?
SampleEnd_Not  =$6e50; ?
ZPSerialBusBitCounter  =$a5; unused
CIA2PortBDDR  =$dd03; unused
SampleEnd_Alert  =$689e; ?
ProcessorPortAllRAMWithIO  =$25
NMIServiceRoutineHi  =$319
CIA2ToDHoursBCD  =$dd0b; unused
Sample_The  =$4ae1; ?
CINT  =$ff81; unused
ZPDatasetteNameWriteCount  =$9f; unused
IOBASE  =$fff3; unused
mainYStore  =$a; unused
VIC2Sprite3Colour  =$d02a; unused
CIA1PortBDDR  =$dc03; unused
AnimationRobot_EyeSpin  =$42dd; ?
SIDVoice2PulseWidthLo  =$d409
ZPRS232XYTemp  =$97; unused
RESTOR  =$ff8a; unused
VIC2InteruptControl  =$d01a
VIC2Colour_Red  =$2
Multiplex_MaxSprSorted  =$18
ZPDatasetteByteReady  =$9c; unused
NMIServiceRoutineLo  =$318
ZPSerialBusBuffer  =$a4; unused
SweepRoomY2  =$3417; ?
SCNKEY  =$ff9f; unused
VIC2Sprite2Colour  =$d029; unused
SIDVoice2PulseWidthHi  =$d40a
ZPRS232BitBuffer  =$b5; unused
MinimalIRQServiceRoutine  =$ea81; unused
RobotBulletNumForRoom  =$17a2; ?
RDTIM  =$ffde; unused
SCREENRAM  =$400; unused
SFXCurrentVoice  =$2d1e
SFXVoiceTotalCount  =$2d2b
VIC2Sprite5Colour  =$d02c; unused
EnterInitials  =$a08
SampleEnd_The  =$4e81; ?
SAVE  =$ffd8; unused
Multiplex_xreg  =$15
AnimationRobot_DeathStart  =$6e; ?
SampleEnd_Robot  =$8e7d; ?
VIC2Sprite4Colour  =$d02b; unused
LogoColours  =$ec80; ?
BossRoomStart  =$483; unused
AnimationPlayer_Counter  =$431d; ?
SCREEN  =$ffed; unused
Multiplex_AckExitInterrupt  =$271b; ?
ZPKeyBufferLength  =$c6; unused
Animation_RobotThinkDelay  =$422f; ?
VIC2Sprite7Colour  =$d02e; unused
Sample_Charge  =$f190; ?
SIDVoice3PulseWidthLo  =$d410
RobotsActive  =$17c8; ?
AnimationOtto_BouncesYPos  =$4347; ?
Sample_Not  =$6bc0; ?
SampleMidRangeFrequencyShift  =$20; ?
AnimationType_Robot  =$1
VIC2ScreenColour  =$d021
VIC2Sprite6Colour  =$d02d; unused
SFXVoiceFreqDirection  =$2d29
SIDVoice3PulseWidthHi  =$d411
Multiplex_bal  =$1c
DisplayMazeRoom  =$2f02; ?
SampleEnd_Intruder  =$64d3; ?
Sample_Chicken  =$59e7; ?
ScorePlayer1LivesUpdated  =$348d; ?
AnimationSpriteXDiv2ToChar  =$19be
CIA2ToDMinsBCD  =$dd0a; unused
Multiplex_OverflowRasterCheck2  =$1
Multiplex_bah  =$1d
LISTEN  =$ffb1
SFXMulBy7Tab  =$2d47
IRQDisk_Load  =$3d79; ?
AnimationRobot_FootCounter  =$42ed; ?
Multiplex_OverflowRasterCheck1  =$1
UNLSN  =$ffae
Multiplex_jumplo  =$1a
ZPSTVariable  =$90; unused
MessageAccessingDisk  =$3ab8; ?
maxBlocks  =$40
Multiplex_MaxSpr  =$17
Multiplex_rasterHeight  =$8
BASICSTART  =$801; unused
CIA2TimerBControl  =$dd0f
MusicPlayerDataStart  =$b700
sortstart  =$27b8; ?
CIA1ToDSecsBCD  =$dc09; unused
Multiplex_jumphi  =$1b
SaveHiScore  =$3acd
CIA2TimerAControl  =$dd0e
IRQDisk_MachineTypeC16  =$2; unused
SFXVoiceFreqLoSpeed2  =$2d26
VECTOR  =$ff8d; unused
CIA1KeyboardRowsJoystickB  =$dc01; unused
SFXSIDInit  =$2d65; ?
RobotBulletSpeed  =$17c2; ?
RobotTypeForRoom  =$194a; ?
IRQDisk_WriteData  =$3df7; ?
Multiplex_maininter  =$2056; ?
CIA1SerialShift  =$dc0c; unused
MyBottomIRQ  =$1e5e; ?
ZPRS232BitCounter  =$b4; unused
IRQDisk_MachineTypeVIC20  =$1; unused
VIC  =$d000; unused
AnimationType_Bullet  =$3
DefaultLOADRoutine  =$f4a5; unused
CIA1TimerBControl  =$dc0f
LastExitWasChicken  =$17c5; ?
ZPRS232BusBuffer  =$a7; unused
Multiplex_yreg  =$16
MEMTOP  =$ff99; unused
CIA1TimerAControl  =$dc0e
Sample_A  =$f81d; ?
RobotColourForRoom  =$1782; ?
Multiplex_ISFP8  =$21be
ZPStopKeyIndicator  =$91; unused
kMusicPlayer_Glide  =$fe; unused
Multiplex_areg  =$14
Multiplex_ISFP9  =$223c
KERNALIRQServiceRoutineHi  =$ffff
Multiplex_CollisionCounter  =$410d; ?
Multiplex_ISFP6  =$2176
VIC2SpritePriority  =$d01b; unused
Multiplex_ISFP7  =$219a
AnimationFindEmptySlot  =$c67
Multiplex_ISFP4  =$212e
SIDVoice1PulseWidthLo  =$d402
Multiplex_ISFP5  =$2152
CyclesPerSecondPALC64  =$f08a0
KERNALIRQServiceRoutineLo  =$fffe
VIC2Sprite5X  =$d00a; unused
Multiplex_ISFP2  =$20e6
VIC2Sprite7Y  =$d00f; unused
VIC2Sprite5Y  =$d00b; unused
Multiplex_ISFP3  =$210a
SFXVoiceFreqHiSpeed2  =$2d24
VIC2Sprite7X  =$d00e; unused
VIC2Sprite1X  =$d002; unused
irqAStore  =$2
VIC2Sprite3Y  =$d007; unused
ZPDatasetteTiming  =$92; unused
VIC2MemorySetup  =$d018
VIC2Sprite1Y  =$d003; unused
SIDVoice1PulseWidthHi  =$d403
Multiplex_ISFP1  =$20c2
VIC2Sprite3X  =$d006; unused
VIC2ExtraBackgroundColour3  =$d024; unused
VIC2Colour_LightGrey  =$f
SampleStartHiTab  =$1f60; ?
VIC2ExtraBackgroundColour2  =$d023; unused
AnimationOtto_Active  =$4359; ?
CLOSE  =$ffc3; unused
ScoreChecksum  =$ffd0; ?
VIC2ExtraBackgroundColour1  =$d022; unused
SaveRoutineHi  =$333; unused
MusicPlayerStop  =$b006; unused
ClearAllSprites  =$3b1d; ?
Sample_Coins  =$737f; ?
CIA1KeyboardColumnJoystickA  =$dc00
Multiplex_exitinter  =$2716; ?
Sample_Like  =$856d; ?
ProcessorPortAllRAM  =$20; unused
kMusicPlayer_Volume  =$fc
SaveRoutineLo  =$332; unused
yTabStarts  =$336a; ?
CLALL  =$ffe7; unused
STOP  =$ffe1; unused
NMISampleAddr  =$1ee2; ?
DrawHighScore1  =$3586; ?
SFXInit  =$2d9d; ?
Multiplexor_UpdateCollisionDetails  =$2653; ?
SampleEnd_Like  =$889a; ?
Multiplex_ISFP16  =$2609
mainAStore  =$8; unused
SaveNameStart  =$4109; ?
DrawHighScore3  =$3758; ?
Multiplex_ISFP15  =$257e
VIC2Colour_Blue  =$6
DrawHighScore2  =$366f; ?
RobotBulletSpeedNeg  =$17c3; ?
Multiplex_ISFP14  =$24f3
IRQDisk_MachineTypeC128  =$8; unused
DrawHighScore5  =$392a; ?
Multiplex_ISFP13  =$2468
Multiplex_items  =$18
DrawHighScore4  =$3841; ?
Multiplex_ISFP12  =$23dd
Multiplex_ISFP11  =$2352
ZPSerialBusCacheStatus  =$94; unused
RobotWidth  =$8
Multiplex_ISFP10  =$22c7
Multiplex_LogCollisions  =$1
SFXCall  =$1ea3; ?
UpdateRoomEx  =$15f6; ?
SampleEndLoTab  =$1f68; ?
VIC2MemorySetupDefault  =$15; unused
AnimationType_Player  =$0
AnimationSpriteYToCharOffsetHi  =$1bbe
MultiplexExt_LastIRQ  =$1e47
CIA2PortASerialBusVICBank  =$dd00
WaitForBottomIRQ  =$1fba; ?
IRQDisk_Init  =$3cb0; ?
SaveNameEnd  =$410d; ?
Sample_Fight  =$82d7; ?
VIC2ExtraSpriteColour2  =$d026; unused
SampleEnd_BzztGTHGTI  =$af3b; ?
EnteringInitials  =$a05
AnimationSpriteYToCharOffsetLo  =$1abe
InitialRobotsActiveText  =$1987; ?
Sample_Humanoid  =$4e81; ?
SampleEnd_Escape  =$737f; ?
VIC2ExtraSpriteColour1  =$d025; unused
ZPStartStringVariableLo  =$33; unused
ScorePlayer1Updated  =$348c; ?
ZPDisplaySystemErrorSwitch  =$9d; unused
SIDVoice3Control  =$d412
BASICROM  =$a000; unused
SIDVoice2Control  =$d40b
Multiplex_spritepointer  =$c3f8
IRQDisk_InitDrive  =$3d6d; ?
ZPStartStringVariableHi  =$34; unused
SIDVoice1Control  =$d404
AnimationOtto_BounceFramesCount  =$435b; ?
AnimationRobot_FootToggle  =$4305; ?
SFXVoiceAttackDecay  =$2d20
SFXVoiceFreqHiSpeed  =$2d27
ZPRS232OutByte  =$9e; unused
ProcessorStack  =$100; unused
Sample_BzztGTHGTI  =$9236; ?
SampleEnd_Destroy  =$4ae1; ?
Multiplex_SetSpritePointer  =$2af7; unused
IRQDisk_MachineTarget  =$4; unused
IRQDisk_GetLastStoredHi  =$3dc8; unused
SampleEnd_Attack  =$59e7; ?
CIA1ToDMinsBCD  =$dc0a; unused
Sample_Pocket  =$7eb3; ?
ResetPlayerPosition  =$c47; ?
kMusicPlayer_Duration  =$fa
DefaultNMIServiceRoutine  =$fe47; unused
CIA2  =$dd00; unused
VIC2Colour_Black  =$0
RS232OutputBufferHi  =$fa; unused
DefaultSTOPVector  =$f6ed; unused
ZPSerialBusCache  =$95; unused
VIC2SpriteSpriteCollision  =$d01e
SIDVolumeFilter  =$d418
kMusicPlayer_TransposeBlock  =$80
AnimationPlayer_MoveRight  =$4328; ?
SFXTempVar  =$2d46
CIA1  =$dc00; unused
AnimationRobot_MoveVert  =$42db; ?
CIA2ToDSecsBCD  =$dd09; unused
Multiplex_indextable  =$1f
SFXVoiceFreqHiCountInit  =$2d28
RS232OutputBufferLo  =$f9; unused
kMusicPlayer_Envelope  =$fb
VIC2SpriteXBorderRight  =$158
VIC2SpriteYBorderTop  =$32
VIC2ScreenControlH  =$d016
SIDVoice1AttackDecay  =$d405
AnimationOtto_Appear  =$4342; ?
SFXVoiceControl  =$2d1f
TKSA  =$ff96; unused
Sample_Intruder  =$5e81; ?
SIDVoice2SustainRelease  =$d40d
RS232InputBufferHi  =$f8; unused
AnimationPlayer_Fires  =$4332; ?
VIC2ScreenControlV  =$d011
Multiplex_DiscardSpritesYPos  =$f2
SampleEnd_Must  =$6bc0; ?
ZPPrevKeyPressed  =$c5; unused
CLRSCR  =$e544; unused
VIC2Colour_LightBlue  =$e
SIDVoice3SustainRelease  =$d414
SampleRateHz  =$1770
HiScore  =$ff80; ?
RS232InputBufferLo  =$f7; unused
irqXStore  =$3
Multiplex_CollisionBackupIndexes  =$4197; ?
TALK  =$ffb4; unused
SETTIM  =$ffdb; unused
SETTMO  =$ffa2; unused
VIC2Colour_Grey  =$c
VIC2SpriteSizeY  =$15
VIC2SpriteSizeX  =$18; unused
LastPlayerEntry_XLo  =$15f2; ?
SIDVoice1SustainRelease  =$d406
PlayChickenSpeech  =$1d9e; ?
LOAD  =$ffd5; unused
irqYStore  =$4
SFXVoiceFreqLoSpeed  =$2d23
VIC2LightPenX  =$d013; unused
VIC2LightPenY  =$d014; unused
AnimationPlayer_DeathCounter  =$431e; ?
LastPlayerEntry_XHi  =$15f3; ?
Sample_Must  =$689e; ?
VIC2SpriteEnable  =$d015
VIC2SpriteDoubleWidth  =$d01d; unused
IRQDisk_LEDFlash  =$f
NMISampleAddrEndH  =$1ef5; ?
SamplePlayingSequence  =$1f57; ?
BRKServiceRoutineLo  =$316; unused
SampleEnd_Chicken  =$5e81; ?
SIDVoice3WaveformOutput  =$d41b; unused
CIA2ToD10thSecsBCD  =$dd08; unused
NMISampleAddrEndL  =$1efc; ?
AnimationPlayer_StandLeft  =$6c; unused
BRKServiceRoutineHi  =$317; unused
Multiplex_EnableEarlyOut  =$1
Animation_RobotLastFired  =$428f; ?
CIA1TimerAHi  =$dc05; unused
MusicPlayerCodeToDataOffset  =$700
Multiplex_intNextSpr7  =$25aa; unused
kMusicPlayer_EndBlock  =$fd
RAMTAS  =$ff87; unused
VIC2SpriteDoubleHeight  =$d017; unused
CIA1ToD10thSecsBCD  =$dc08; unused
DisplayTitleScreen  =$810
Multiplex_intNextSpr6  =$251f; unused
LastPlayerEntry_Y  =$15f4; ?
Sample_It  =$f612; ?
Multiplex_intNextSpr5  =$2494; unused
CIA2TimerAHi  =$dd05
MainScreen  =$c000; ?
EnableScreen  =$c37; ?
Multiplex_intNextSpr4  =$2409; unused
kMusicPlayer_FilterPass  =$f9
CIA1TimerALo  =$dc04; unused
Multiplex_intNextSpr3  =$237e; unused
ZPRS232Parity  =$ab; unused
SamplePlaying  =$1f55; ?
Multiplex_intNextSpr2  =$22f3; unused
SweepRoomX2  =$33a9; ?
Sample_Alert  =$64d3; ?
Multiplex_intNextSpr1  =$2268; unused
ZPAddressToLoad  =$ae; unused
SIDVoice2AttackDecay  =$d40c
CIA2TimerALo  =$dd04
Multiplex_intNextSpr0  =$21dd
RealStart  =$400; unused
Sample_In  =$fb29; ?
Sample_Robot  =$889a; ?
InitialRobotsActive  =$17c7; ?
AnimationOtto_RealY  =$4346; ?
STOPVectorHi  =$329; unused
KERNALColdStartResetHi  =$fffd; unused
ZPEndBasicLo  =$37; unused
RobotBulletSpeedForRoom  =$1792; ?
MusicPlayerTrackPos  =$b009; unused
TitleScreenChars  =$c800; ?
STOPVectorLo  =$328; unused
KERNALColdStartResetLo  =$fffc; unused
Sample_Escape  =$6e50; ?
ZPEndBasicHi  =$38; unused
DefaultSaveRoutine  =$f5ed; unused
BossRoomEnd  =$4a9; unused
ScreenTabL  =$198c; ?
SPRITEFRAME  =$7f8; unused
CHKOUT  =$ffc9; unused
ZPRS232BusBitCounter  =$a8; unused
SIDFilterCutoffFreqLo  =$d415; unused
CIA1InterruptControl  =$dc0d
NMIRet2  =$1f3b; ?
ScoreAdd  =$3a16; ?
RobotSpeedSubFrameForRoom  =$17b2; ?
NMIRet  =$1ed4; ?
ScreenTabH  =$19a5; ?
Score  =$3486; ?
SIDFilterCutoffFreqHi  =$d416
CIA2InterruptControl  =$dd0d
LastGoodDirection  =$1008; ?
SFXTable  =$435c; ?
Animation_BulletSpeedY  =$42bf; ?
Sample_Attack  =$55d8; ?
Animation_BulletSpeedX  =$42a7; ?
AnimationPlayer_MoveLeft  =$4320; ?
SampleStartNewSequence  =$1f56; ?
AnimationRobot_MoveLeft  =$42d7; ?
Multiplex_Sortlo  =$2cf0; ?
SampleEnd_Kill  =$9236; ?
UNTLK  =$ffab; unused
VIC2SpriteMulticolour  =$d01c
HiScoreMakeSpace  =$3a6a
SampleEnd_In  =$ff26; ?
Multiplex_CollisionBackupCounter  =$4196; ?
ZPNumFilesOpen  =$98; unused
Seed  =$3440; ?
SampleEnd_Pocket  =$82d7; ?
Multiplex_Sorthi  =$2d07; ?
VIC2Colour_Brown  =$9; unused
Animation_RobotWalkCounter  =$4247; ?
VIC2Colour_DarkGrey  =$b
nmiYStore  =$7; unused
ZPProcessorPortDDR  =$0
VIC2SpriteXBorderLeft  =$18
AnimationRobot_DeathEnd  =$71; ?
Multiplexor_UpdateCollisionDetailsNoCheck  =$2658; ?
Multiplex_YPos  =$2c00; ?
RobotSpeedSubFrame  =$1781; ?
ZPStartVariableLo  =$2d; unused
PLOT  =$fff0; unused
MusicPlayerPlay  =$b003; ?
IRQDisk_MachineTypeC64  =$4
IRQDisk_Retries  =$5
SampleResetSequence  =$1f78; ?
ClearAllSpritesExceptPlayer  =$3b0f; ?
SFXVoiceFreqHiCount  =$2d2a
ZPStartVariableHi  =$2e; unused
Multiplex_Sort  =$2771; ?
RobotHeight  =$b
VIC2Colour_Cyan  =$3; unused
SFXIndexToWorkVoiceTab  =$2d62
SIDVoice3AttackDecay  =$d413
nmiXStore  =$6; unused
Sample_Kill  =$8e7d; ?
COLOURRAM  =$d800
Multiplex_LogCollisionsBackground  =$1
SFXMulBy10Tab  =$2d4a
PlayNonChickenSpeech  =$1cfa; ?
ZPStartArrayVariableLo  =$2f; unused
ZPCurrentStringVariableLo  =$35; unused
LoadRoutineLo  =$330; unused
MACROMultiplex_SortBlockByteLength  =$12; ?
Multiplex_counter  =$19
LastFireTime  =$1009; ?
IOINIT  =$ff84; unused
MEMBOT  =$ff9c; unused
ZPStartArrayVariableHi  =$30; unused
Multiplex_Colour  =$2c90; ?
ZPCurrentStringVariableHi  =$36; unused
LoadRoutineHi  =$331; unused
SampleEnd_Detected  =$7eb3; ?
BottomIRQDone  =$1ea2; ?
MusicPlayerCodeEnd  =$b6e9; unused
SFXVoiceFreqDecay  =$2d25
CHROUT  =$ffd2; unused
SETMSG  =$ff90; unused
Multiplex_InitSort  =$2741; ?
Multiplex_VarBase  =$14
VIC2Sprite4X  =$d008; unused
MemoryMappedIOArea1  =$de00; unused
VIC2Sprite6Y  =$d00d; unused
VIC2Sprite4Y  =$d009; unused
VIC2Colour_Orange  =$8; unused
VIC2Sprite6X  =$d00c; unused
DefaultIRQServiceRoutine  =$ea31; unused
SweepRoomY  =$33f2; ?
VIC2Sprite0X  =$d000
VIC2Sprite2Y  =$d005; unused
VIC2Colour_White  =$1
SampleEnd_It  =$f81d; ?
ZPLoadVerify  =$93; unused
MemoryMappedIOArea2  =$df00; unused
SweepRoomX  =$3372; ?
IRQDisk_WriteSetName  =$3dd9; ?
ZPCurrentInputDevice  =$99; unused
VIC2Sprite0Y  =$d001
VIC2Sprite2X  =$d004; unused
